2026-05-01 07:14:47,370 [INFO] __main__: Using device: cuda
2026-05-01 07:14:47,370 [INFO] __main__: Loading dataset...
2026-05-01 07:14:47,473 [INFO] src.data.splits: Splits: train=1980-01..2019-09 (477 months), test=2019-10..2024-09 (60 months)
2026-05-01 07:14:47,504 [INFO] src.data.splits: Using 240871 pixels (50% of valid)
2026-05-01 07:14:47,522 [INFO] src.data.dataset: Preloading data for 240871 pixels into RAM...
2026-05-01 07:15:05,463 [INFO] src.data.dataset:   Dynamic: 108/477 timesteps loaded
2026-05-01 07:15:20,241 [INFO] src.data.dataset:   Dynamic: 204/477 timesteps loaded
2026-05-01 07:15:34,678 [INFO] src.data.dataset:   Dynamic: 300/477 timesteps loaded
2026-05-01 07:15:51,136 [INFO] src.data.dataset:   Dynamic: 408/477 timesteps loaded
2026-05-01 07:16:02,006 [INFO] src.data.dataset: Loaded Kv table: 62 classes, range [0.000, 1.517]
2026-05-01 07:16:21,902 [INFO] src.data.dataset: Preload complete. Dynamic: 6894 MB, Targets: 1838 MB
2026-05-01 07:16:21,909 [INFO] src.data.dataset: Preloading data for 240871 pixels into RAM...
2026-05-01 07:16:31,301 [INFO] src.data.dataset: Loaded Kv table: 62 classes, range [0.000, 1.517]
2026-05-01 07:16:33,588 [INFO] src.data.dataset: Preload complete. Dynamic: 882 MB, Targets: 235 MB
2026-05-01 07:16:33,718 [INFO] src.data.dataset: EcoregionStratifiedSampler: 13 ecoregions, 18528 samples/region, 240871 total/epoch
2026-05-01 07:16:33,718 [INFO] __main__: Building model...
2026-05-01 07:16:33,735 [INFO] __main__: Model parameters: 1,160,740
2026-05-01 07:16:34,464 [INFO] src.training.trainer: Resumed from checkpoints/checkpoint_epoch050.pt at epoch 50, val_loss=1.0452, best_val_loss=0.9064
2026-05-01 07:16:34,464 [INFO] __main__: Starting training...
2026-05-01 07:30:38,893 [INFO] src.training.trainer: Epoch 51/100 | TF=1.00 | LR=0.000525 | Train: 0.2204 (PET=0.0946 PCK=0.0051 AET=0.0328 CWD=0.0292 AET_ext=0.1590) | Val: 1.0536 | Weights: PET=0.61 PCK=1.00
2026-05-01 07:48:18,805 [INFO] src.training.trainer: Epoch 52/100 | TF=0.98 | LR=0.000508 | Train: 0.2203 (PET=0.0955 PCK=0.0052 AET=0.0328 CWD=0.0292 AET_ext=0.1591) | Val: 1.0799 | Weights: PET=0.60 PCK=1.00
2026-05-01 08:05:34,173 [INFO] src.training.trainer: Epoch 53/100 | TF=0.96 | LR=0.000492 | Train: 0.2202 (PET=0.0963 PCK=0.0054 AET=0.0328 CWD=0.0291 AET_ext=0.1586) | Val: 1.0438 | Weights: PET=0.59 PCK=1.00
2026-05-01 08:22:51,453 [INFO] src.training.trainer: Epoch 54/100 | TF=0.94 | LR=0.000475 | Train: 0.2206 (PET=0.0971 PCK=0.0054 AET=0.0329 CWD=0.0290 AET_ext=0.1596) | Val: 1.1103 | Weights: PET=0.59 PCK=1.00
2026-05-01 08:40:07,254 [INFO] src.training.trainer: Epoch 55/100 | TF=0.92 | LR=0.000459 | Train: 0.2209 (PET=0.0980 PCK=0.0056 AET=0.0330 CWD=0.0290 AET_ext=0.1595) | Val: 0.9793 | Weights: PET=0.58 PCK=1.00
2026-05-01 08:57:23,417 [INFO] src.training.trainer: Epoch 56/100 | TF=0.90 | LR=0.000442 | Train: 0.2207 (PET=0.0988 PCK=0.0057 AET=0.0329 CWD=0.0289 AET_ext=0.1593) | Val: 0.9449 | Weights: PET=0.58 PCK=1.00
2026-05-01 09:14:39,750 [INFO] src.training.trainer: Epoch 57/100 | TF=0.88 | LR=0.000426 | Train: 0.2217 (PET=0.0995 PCK=0.0061 AET=0.0332 CWD=0.0289 AET_ext=0.1605) | Val: 1.0867 | Weights: PET=0.57 PCK=1.00
2026-05-01 09:31:56,708 [INFO] src.training.trainer: Epoch 58/100 | TF=0.86 | LR=0.000410 | Train: 0.2222 (PET=0.1006 PCK=0.0061 AET=0.0333 CWD=0.0289 AET_ext=0.1608) | Val: 0.9166 | Weights: PET=0.56 PCK=1.00
2026-05-01 09:49:14,341 [INFO] src.training.trainer: Epoch 59/100 | TF=0.84 | LR=0.000393 | Train: 0.2220 (PET=0.1012 PCK=0.0061 AET=0.0334 CWD=0.0289 AET_ext=0.1609) | Val: 0.9637 | Weights: PET=0.56 PCK=1.00
2026-05-01 10:06:32,213 [INFO] src.training.trainer: Epoch 60/100 | TF=0.82 | LR=0.000377 | Train: 0.2218 (PET=0.1019 PCK=0.0063 AET=0.0334 CWD=0.0288 AET_ext=0.1607) | Val: 0.9926 | Weights: PET=0.55 PCK=1.00
2026-05-01 10:06:32,238 [INFO] src.training.trainer: Saved checkpoint: /home/mmann1123/extra_space/bcm_emulator/checkpoints/checkpoint_epoch060.pt
2026-05-01 10:23:50,180 [INFO] src.training.trainer: Epoch 61/100 | TF=0.80 | LR=0.000361 | Train: 0.2220 (PET=0.1024 PCK=0.0065 AET=0.0336 CWD=0.0287 AET_ext=0.1614) | Val: 0.9305 | Weights: PET=0.55 PCK=1.00
2026-05-01 10:41:08,252 [INFO] src.training.trainer: Epoch 62/100 | TF=0.78 | LR=0.000345 | Train: 0.2225 (PET=0.1033 PCK=0.0066 AET=0.0337 CWD=0.0287 AET_ext=0.1617) | Val: 0.9080 | Weights: PET=0.54 PCK=1.00
2026-05-01 10:58:27,102 [INFO] src.training.trainer: Epoch 63/100 | TF=0.76 | LR=0.000330 | Train: 0.2233 (PET=0.1041 PCK=0.0068 AET=0.0340 CWD=0.0287 AET_ext=0.1631) | Val: 0.8648 | Weights: PET=0.54 PCK=1.00
2026-05-01 10:58:27,115 [INFO] src.training.trainer: Saved checkpoint: /home/mmann1123/extra_space/bcm_emulator/checkpoints/best_model.pt
2026-05-01 11:15:45,873 [INFO] src.training.trainer: Epoch 64/100 | TF=0.74 | LR=0.000314 | Train: 0.2224 (PET=0.1047 PCK=0.0068 AET=0.0339 CWD=0.0285 AET_ext=0.1618) | Val: 0.9156 | Weights: PET=0.53 PCK=1.00
2026-05-01 11:33:04,595 [INFO] src.training.trainer: Epoch 65/100 | TF=0.72 | LR=0.000299 | Train: 0.2235 (PET=0.1052 PCK=0.0072 AET=0.0342 CWD=0.0285 AET_ext=0.1635) | Val: 0.9036 | Weights: PET=0.53 PCK=1.00
2026-05-01 11:50:22,857 [INFO] src.training.trainer: Epoch 66/100 | TF=0.70 | LR=0.000284 | Train: 0.2245 (PET=0.1062 PCK=0.0075 AET=0.0344 CWD=0.0286 AET_ext=0.1645) | Val: 0.8644 | Weights: PET=0.52 PCK=1.00
2026-05-01 11:50:22,871 [INFO] src.training.trainer: Saved checkpoint: /home/mmann1123/extra_space/bcm_emulator/checkpoints/best_model.pt
2026-05-01 12:07:41,514 [INFO] src.training.trainer: Epoch 67/100 | TF=0.68 | LR=0.000269 | Train: 0.2231 (PET=0.1064 PCK=0.0073 AET=0.0343 CWD=0.0283 AET_ext=0.1637) | Val: 0.9155 | Weights: PET=0.52 PCK=1.00
2026-05-01 12:25:00,500 [INFO] src.training.trainer: Epoch 68/100 | TF=0.66 | LR=0.000255 | Train: 0.2246 (PET=0.1074 PCK=0.0075 AET=0.0347 CWD=0.0284 AET_ext=0.1656) | Val: 0.9129 | Weights: PET=0.51 PCK=1.00
2026-05-01 12:42:19,730 [INFO] src.training.trainer: Epoch 69/100 | TF=0.64 | LR=0.000241 | Train: 0.2243 (PET=0.1076 PCK=0.0078 AET=0.0348 CWD=0.0283 AET_ext=0.1653) | Val: 0.9736 | Weights: PET=0.50 PCK=1.00
2026-05-01 12:59:38,908 [INFO] src.training.trainer: Epoch 70/100 | TF=0.62 | LR=0.000227 | Train: 0.2263 (PET=0.1089 PCK=0.0084 AET=0.0351 CWD=0.0284 AET_ext=0.1671) | Val: 0.8274 | Weights: PET=0.50 PCK=1.00
2026-05-01 12:59:38,922 [INFO] src.training.trainer: Saved checkpoint: /home/mmann1123/extra_space/bcm_emulator/checkpoints/best_model.pt
2026-05-01 12:59:38,935 [INFO] src.training.trainer: Saved checkpoint: /home/mmann1123/extra_space/bcm_emulator/checkpoints/checkpoint_epoch070.pt
2026-05-01 13:16:58,301 [INFO] src.training.trainer: Epoch 71/100 | TF=0.60 | LR=0.000213 | Train: 0.2267 (PET=0.1086 PCK=0.0084 AET=0.0353 CWD=0.0284 AET_ext=0.1679) | Val: 0.8579 | Weights: PET=0.50 PCK=1.00
2026-05-01 13:34:17,889 [INFO] src.training.trainer: Epoch 72/100 | TF=0.58 | LR=0.000199 | Train: 0.2271 (PET=0.1084 PCK=0.0084 AET=0.0355 CWD=0.0284 AET_ext=0.1687) | Val: 0.8477 | Weights: PET=0.50 PCK=1.00
2026-05-01 13:51:37,324 [INFO] src.training.trainer: Epoch 73/100 | TF=0.56 | LR=0.000186 | Train: 0.2283 (PET=0.1085 PCK=0.0089 AET=0.0357 CWD=0.0284 AET_ext=0.1694) | Val: 0.8867 | Weights: PET=0.50 PCK=1.00
2026-05-01 14:08:56,469 [INFO] src.training.trainer: Epoch 74/100 | TF=0.54 | LR=0.000174 | Train: 0.2304 (PET=0.1087 PCK=0.0091 AET=0.0362 CWD=0.0286 AET_ext=0.1726) | Val: 0.9006 | Weights: PET=0.50 PCK=1.00
2026-05-01 14:26:16,553 [INFO] src.training.trainer: Epoch 75/100 | TF=0.52 | LR=0.000161 | Train: 0.2320 (PET=0.1087 PCK=0.0093 AET=0.0366 CWD=0.0287 AET_ext=0.1744) | Val: 0.8889 | Weights: PET=0.50 PCK=1.00
2026-05-01 14:43:36,044 [INFO] src.training.trainer: Epoch 76/100 | TF=0.50 | LR=0.000149 | Train: 0.2324 (PET=0.1087 PCK=0.0094 AET=0.0367 CWD=0.0287 AET_ext=0.1750) | Val: 0.8399 | Weights: PET=0.50 PCK=1.00
2026-05-01 15:00:56,534 [INFO] src.training.trainer: Epoch 77/100 | TF=0.48 | LR=0.000138 | Train: 0.2332 (PET=0.1085 PCK=0.0099 AET=0.0369 CWD=0.0287 AET_ext=0.1756) | Val: 0.8325 | Weights: PET=0.50 PCK=1.00
2026-05-01 15:18:17,790 [INFO] src.training.trainer: Epoch 78/100 | TF=0.46 | LR=0.000127 | Train: 0.2352 (PET=0.1087 PCK=0.0101 AET=0.0373 CWD=0.0289 AET_ext=0.1779) | Val: 0.8547 | Weights: PET=0.50 PCK=1.00
2026-05-01 15:35:38,933 [INFO] src.training.trainer: Epoch 79/100 | TF=0.44 | LR=0.000116 | Train: 0.2372 (PET=0.1087 PCK=0.0103 AET=0.0379 CWD=0.0290 AET_ext=0.1803) | Val: 0.8534 | Weights: PET=0.50 PCK=1.00
2026-05-01 15:53:01,181 [INFO] src.training.trainer: Epoch 80/100 | TF=0.42 | LR=0.000105 | Train: 0.2389 (PET=0.1088 PCK=0.0106 AET=0.0383 CWD=0.0291 AET_ext=0.1825) | Val: 0.9047 | Weights: PET=0.50 PCK=1.00
2026-05-01 15:53:01,194 [INFO] src.training.trainer: Saved checkpoint: /home/mmann1123/extra_space/bcm_emulator/checkpoints/checkpoint_epoch080.pt
2026-05-01 16:10:23,263 [INFO] src.training.trainer: Epoch 81/100 | TF=0.40 | LR=0.000095 | Train: 0.2410 (PET=0.1086 PCK=0.0110 AET=0.0388 CWD=0.0292 AET_ext=0.1852) | Val: 0.8997 | Weights: PET=0.50 PCK=1.00
2026-05-01 16:27:45,293 [INFO] src.training.trainer: Epoch 82/100 | TF=0.38 | LR=0.000086 | Train: 0.2432 (PET=0.1089 PCK=0.0117 AET=0.0392 CWD=0.0293 AET_ext=0.1874) | Val: 0.8518 | Weights: PET=0.50 PCK=1.00
2026-05-01 16:45:08,029 [INFO] src.training.trainer: Epoch 83/100 | TF=0.36 | LR=0.000077 | Train: 0.2452 (PET=0.1087 PCK=0.0118 AET=0.0398 CWD=0.0295 AET_ext=0.1904) | Val: 0.8674 | Weights: PET=0.50 PCK=1.00
2026-05-01 17:02:31,187 [INFO] src.training.trainer: Epoch 84/100 | TF=0.34 | LR=0.000068 | Train: 0.2473 (PET=0.1089 PCK=0.0123 AET=0.0403 CWD=0.0296 AET_ext=0.1921) | Val: 0.8726 | Weights: PET=0.50 PCK=1.00
2026-05-01 17:19:54,802 [INFO] src.training.trainer: Epoch 85/100 | TF=0.32 | LR=0.000060 | Train: 0.2492 (PET=0.1086 PCK=0.0130 AET=0.0406 CWD=0.0296 AET_ext=0.1948) | Val: 0.8618 | Weights: PET=0.50 PCK=1.00
2026-05-01 17:37:18,983 [INFO] src.training.trainer: Epoch 86/100 | TF=0.30 | LR=0.000053 | Train: 0.2524 (PET=0.1088 PCK=0.0133 AET=0.0414 CWD=0.0299 AET_ext=0.1981) | Val: 0.8697 | Weights: PET=0.50 PCK=1.00
2026-05-01 17:54:42,614 [INFO] src.training.trainer: Epoch 87/100 | TF=0.28 | LR=0.000045 | Train: 0.2549 (PET=0.1088 PCK=0.0139 AET=0.0421 CWD=0.0300 AET_ext=0.2010) | Val: 0.8313 | Weights: PET=0.50 PCK=1.00
2026-05-01 18:12:06,731 [INFO] src.training.trainer: Epoch 88/100 | TF=0.26 | LR=0.000039 | Train: 0.2587 (PET=0.1088 PCK=0.0144 AET=0.0429 CWD=0.0303 AET_ext=0.2058) | Val: 0.8484 | Weights: PET=0.50 PCK=1.00
2026-05-01 18:29:32,437 [INFO] src.training.trainer: Epoch 89/100 | TF=0.24 | LR=0.000033 | Train: 0.2592 (PET=0.1085 PCK=0.0149 AET=0.0431 CWD=0.0302 AET_ext=0.2063) | Val: 0.8452 | Weights: PET=0.50 PCK=1.00
2026-05-01 18:46:59,034 [INFO] src.training.trainer: Epoch 90/100 | TF=0.22 | LR=0.000027 | Train: 0.2632 (PET=0.1085 PCK=0.0154 AET=0.0442 CWD=0.0305 AET_ext=0.2114) | Val: 0.8343 | Weights: PET=0.50 PCK=1.00
2026-05-01 18:46:59,048 [INFO] src.training.trainer: Saved checkpoint: /home/mmann1123/extra_space/bcm_emulator/checkpoints/checkpoint_epoch090.pt
2026-05-01 19:04:24,371 [INFO] src.training.trainer: Epoch 91/100 | TF=0.20 | LR=0.000022 | Train: 0.2692 (PET=0.1087 PCK=0.0165 AET=0.0455 CWD=0.0308 AET_ext=0.2179) | Val: 0.8489 | Weights: PET=0.50 PCK=1.00
2026-05-01 19:21:50,711 [INFO] src.training.trainer: Epoch 92/100 | TF=0.18 | LR=0.000017 | Train: 0.2738 (PET=0.1086 PCK=0.0176 AET=0.0465 CWD=0.0311 AET_ext=0.2234) | Val: 0.8341 | Weights: PET=0.50 PCK=1.00
2026-05-01 19:39:15,574 [INFO] src.training.trainer: Epoch 93/100 | TF=0.16 | LR=0.000013 | Train: 0.2775 (PET=0.1084 PCK=0.0186 AET=0.0474 CWD=0.0313 AET_ext=0.2272) | Val: 0.8264 | Weights: PET=0.50 PCK=1.00
2026-05-01 19:39:15,588 [INFO] src.training.trainer: Saved checkpoint: /home/mmann1123/extra_space/bcm_emulator/checkpoints/best_model.pt
2026-05-01 19:56:38,732 [INFO] src.training.trainer: Epoch 94/100 | TF=0.14 | LR=0.000010 | Train: 0.2818 (PET=0.1084 PCK=0.0193 AET=0.0484 CWD=0.0315 AET_ext=0.2321) | Val: 0.8390 | Weights: PET=0.50 PCK=1.00
2026-05-01 20:14:01,273 [INFO] src.training.trainer: Epoch 95/100 | TF=0.12 | LR=0.000007 | Train: 0.2885 (PET=0.1083 PCK=0.0203 AET=0.0500 CWD=0.0320 AET_ext=0.2407) | Val: 0.8442 | Weights: PET=0.50 PCK=1.00
2026-05-01 20:31:22,961 [INFO] src.training.trainer: Epoch 96/100 | TF=0.10 | LR=0.000004 | Train: 0.2919 (PET=0.1082 PCK=0.0213 AET=0.0507 CWD=0.0321 AET_ext=0.2445) | Val: 0.8432 | Weights: PET=0.50 PCK=1.00
2026-05-01 20:48:44,996 [INFO] src.training.trainer: Epoch 97/100 | TF=0.08 | LR=0.000002 | Train: 0.3000 (PET=0.1083 PCK=0.0228 AET=0.0525 CWD=0.0327 AET_ext=0.2534) | Val: 0.8323 | Weights: PET=0.50 PCK=1.00
2026-05-01 21:06:06,842 [INFO] src.training.trainer: Epoch 98/100 | TF=0.06 | LR=0.000001 | Train: 0.3076 (PET=0.1085 PCK=0.0249 AET=0.0541 CWD=0.0331 AET_ext=0.2610) | Val: 0.8320 | Weights: PET=0.50 PCK=1.00
2026-05-01 21:23:28,283 [INFO] src.training.trainer: Epoch 99/100 | TF=0.04 | LR=0.000000 | Train: 0.3158 (PET=0.1087 PCK=0.0281 AET=0.0556 CWD=0.0334 AET_ext=0.2666) | Val: 0.8341 | Weights: PET=0.50 PCK=1.00
2026-05-01 21:40:50,259 [INFO] src.training.trainer: Epoch 100/100 | TF=0.02 | LR=0.000000 | Train: 0.3245 (PET=0.1084 PCK=0.0285 AET=0.0578 CWD=0.0341 AET_ext=0.2792) | Val: 0.8327 | Weights: PET=0.50 PCK=1.00
2026-05-01 21:40:50,272 [INFO] src.training.trainer: Saved checkpoint: /home/mmann1123/extra_space/bcm_emulator/checkpoints/checkpoint_epoch100.pt
2026-05-01 21:40:50,273 [INFO] __main__: Training complete.
2026-05-01 21:40:50,273 [INFO] __main__: Training history saved: /home/mmann1123/extra_space/bcm_emulator/outputs/training_history.json
2026-05-01 21:40:50,308 [INFO] __main__: Creating snapshot 'v24a-annualpool-lambda1.0-v17-polaris-awc'...
2026-05-01 21:40:50,308 [INFO] src.utils.snapshot: Creating snapshot: /home/mmann1123/extra_space/bcm_emulator/snapshots/v24a-annualpool-lambda1.0-v17-polaris-awc
2026-05-01 21:40:50,314 [INFO] src.utils.snapshot:   Copied checkpoint (14.0 MB)
2026-05-01 21:40:50,406 [INFO] src.utils.snapshot:   Copied 17 spatial map files
2026-05-01 21:40:50,422 [INFO] src.utils.snapshot:   Wrote manifest.json
2026-05-01 21:40:50,437 [INFO] src.utils.snapshot: Created git tag: v24a-annualpool-lambda1.0-v17-polaris-awc
2026-05-01 21:40:50,437 [INFO] src.utils.snapshot: Snapshot 'v24a-annualpool-lambda1.0-v17-polaris-awc' complete at /home/mmann1123/extra_space/bcm_emulator/snapshots/v24a-annualpool-lambda1.0-v17-polaris-awc

