2026-05-02 10:08:33,803 [INFO] __main__: Using device: cuda
2026-05-02 10:08:33,803 [INFO] __main__: Loading dataset...
2026-05-02 10:08:33,867 [INFO] src.data.splits: Splits: train=1980-01..2019-09 (477 months), test=2019-10..2024-09 (60 months)
2026-05-02 10:08:33,888 [INFO] src.data.splits: Using 240871 pixels (50% of valid)
2026-05-02 10:08:33,896 [INFO] src.data.dataset: Preloading data for 240871 pixels into RAM...
2026-05-02 10:08:47,630 [INFO] src.data.dataset:   Dynamic: 108/477 timesteps loaded
2026-05-02 10:08:58,718 [INFO] src.data.dataset:   Dynamic: 204/477 timesteps loaded
2026-05-02 10:09:09,812 [INFO] src.data.dataset:   Dynamic: 300/477 timesteps loaded
2026-05-02 10:09:22,211 [INFO] src.data.dataset:   Dynamic: 408/477 timesteps loaded
2026-05-02 10:09:30,361 [INFO] src.data.dataset: Loaded Kv table: 62 classes, range [0.000, 1.517]
2026-05-02 10:09:43,106 [INFO] src.data.dataset: Preload complete. Dynamic: 6894 MB, Targets: 1838 MB
2026-05-02 10:09:43,114 [INFO] src.data.dataset: Preloading data for 240871 pixels into RAM...
2026-05-02 10:09:50,685 [INFO] src.data.dataset: Loaded Kv table: 62 classes, range [0.000, 1.517]
2026-05-02 10:09:52,375 [INFO] src.data.dataset: Preload complete. Dynamic: 882 MB, Targets: 235 MB
2026-05-02 10:09:52,425 [INFO] src.data.dataset: EcoregionStratifiedSampler: 13 ecoregions, 18528 samples/region, 240871 total/epoch
2026-05-02 10:09:52,425 [INFO] __main__: Building model...
2026-05-02 10:09:52,435 [INFO] __main__: Model parameters: 1,160,740
2026-05-02 10:09:52,939 [INFO] __main__: Starting training...
2026-05-02 10:23:31,001 [INFO] src.training.trainer: Epoch 1/100 | TF=1.00 | LR=0.000280 | Train: 1.6320 (PET=0.1469 PCK=0.2621 AET=0.2489 CWD=0.1590 AET_ext=1.6610) | Val: 1.2660 | Weights: PET=1.00 PCK=1.00
2026-05-02 10:23:31,016 [INFO] src.training.trainer: Saved checkpoint: /home/mmann1123/extra_space/bcm_emulator/checkpoints/best_model.pt
2026-05-02 10:37:14,594 [INFO] src.training.trainer: Epoch 2/100 | TF=1.00 | LR=0.000460 | Train: 0.5509 (PET=0.0729 PCK=0.0303 AET=0.0945 CWD=0.0742 AET_ext=0.5069) | Val: 1.2807 | Weights: PET=0.99 PCK=1.00
2026-05-02 10:51:00,337 [INFO] src.training.trainer: Epoch 3/100 | TF=1.00 | LR=0.000640 | Train: 0.4736 (PET=0.0691 PCK=0.0197 AET=0.0791 CWD=0.0661 AET_ext=0.4307) | Val: 1.3183 | Weights: PET=0.98 PCK=1.00
2026-05-02 11:04:45,714 [INFO] src.training.trainer: Epoch 4/100 | TF=1.00 | LR=0.000820 | Train: 0.4363 (PET=0.0677 PCK=0.0176 AET=0.0706 CWD=0.0619 AET_ext=0.3861) | Val: 1.5189 | Weights: PET=0.97 PCK=1.00
2026-05-02 11:18:30,924 [INFO] src.training.trainer: Epoch 5/100 | TF=1.00 | LR=0.001000 | Train: 0.4089 (PET=0.0675 PCK=0.0149 AET=0.0645 CWD=0.0591 AET_ext=0.3520) | Val: 0.9657 | Weights: PET=0.96 PCK=1.00
2026-05-02 11:18:30,937 [INFO] src.training.trainer: Saved checkpoint: /home/mmann1123/extra_space/bcm_emulator/checkpoints/best_model.pt
2026-05-02 11:32:16,257 [INFO] src.training.trainer: Epoch 6/100 | TF=1.00 | LR=0.001000 | Train: 0.3905 (PET=0.0672 PCK=0.0136 AET=0.0601 CWD=0.0570 AET_ext=0.3297) | Val: 0.9573 | Weights: PET=0.95 PCK=1.00
2026-05-02 11:32:16,271 [INFO] src.training.trainer: Saved checkpoint: /home/mmann1123/extra_space/bcm_emulator/checkpoints/best_model.pt
2026-05-02 11:46:01,501 [INFO] src.training.trainer: Epoch 7/100 | TF=1.00 | LR=0.000999 | Train: 0.3709 (PET=0.0672 PCK=0.0101 AET=0.0564 CWD=0.0551 AET_ext=0.3092) | Val: 0.9294 | Weights: PET=0.94 PCK=1.00
2026-05-02 11:46:01,515 [INFO] src.training.trainer: Saved checkpoint: /home/mmann1123/extra_space/bcm_emulator/checkpoints/best_model.pt
2026-05-02 11:59:46,098 [INFO] src.training.trainer: Epoch 8/100 | TF=1.00 | LR=0.000998 | Train: 0.3542 (PET=0.0672 PCK=0.0102 AET=0.0530 CWD=0.0529 AET_ext=0.2895) | Val: 0.9878 | Weights: PET=0.93 PCK=1.00
2026-05-02 12:13:31,958 [INFO] src.training.trainer: Epoch 9/100 | TF=1.00 | LR=0.000996 | Train: 0.3429 (PET=0.0675 PCK=0.0092 AET=0.0506 CWD=0.0518 AET_ext=0.2748) | Val: 0.9734 | Weights: PET=0.92 PCK=1.00
2026-05-02 12:27:16,895 [INFO] src.training.trainer: Epoch 10/100 | TF=1.00 | LR=0.000993 | Train: 0.3361 (PET=0.0677 PCK=0.0085 AET=0.0490 CWD=0.0512 AET_ext=0.2652) | Val: 1.0057 | Weights: PET=0.91 PCK=1.00
2026-05-02 12:27:16,908 [INFO] src.training.trainer: Saved checkpoint: /home/mmann1123/extra_space/bcm_emulator/checkpoints/checkpoint_epoch010.pt
2026-05-02 12:41:01,636 [INFO] src.training.trainer: Epoch 11/100 | TF=1.00 | LR=0.000990 | Train: 0.3287 (PET=0.0682 PCK=0.0082 AET=0.0476 CWD=0.0501 AET_ext=0.2581) | Val: 1.0086 | Weights: PET=0.90 PCK=1.00
2026-05-02 12:54:47,596 [INFO] src.training.trainer: Epoch 12/100 | TF=1.00 | LR=0.000987 | Train: 0.3227 (PET=0.0683 PCK=0.0080 AET=0.0464 CWD=0.0493 AET_ext=0.2502) | Val: 1.0208 | Weights: PET=0.90 PCK=1.00
2026-05-02 13:08:33,133 [INFO] src.training.trainer: Epoch 13/100 | TF=1.00 | LR=0.000983 | Train: 0.3156 (PET=0.0686 PCK=0.0079 AET=0.0449 CWD=0.0486 AET_ext=0.2414) | Val: 1.2157 | Weights: PET=0.89 PCK=1.00
2026-05-02 13:22:18,753 [INFO] src.training.trainer: Epoch 14/100 | TF=1.00 | LR=0.000978 | Train: 0.3126 (PET=0.0691 PCK=0.0076 AET=0.0443 CWD=0.0481 AET_ext=0.2378) | Val: 1.1216 | Weights: PET=0.88 PCK=1.00
2026-05-02 13:36:03,608 [INFO] src.training.trainer: Epoch 15/100 | TF=1.00 | LR=0.000973 | Train: 0.3092 (PET=0.0695 PCK=0.0074 AET=0.0436 CWD=0.0477 AET_ext=0.2333) | Val: 1.0845 | Weights: PET=0.87 PCK=1.00
2026-05-02 13:49:48,818 [INFO] src.training.trainer: Epoch 16/100 | TF=1.00 | LR=0.000967 | Train: 0.3035 (PET=0.0698 PCK=0.0072 AET=0.0425 CWD=0.0470 AET_ext=0.2270) | Val: 1.2644 | Weights: PET=0.86 PCK=1.00
2026-05-02 14:03:34,638 [INFO] src.training.trainer: Epoch 17/100 | TF=1.00 | LR=0.000961 | Train: 0.3037 (PET=0.0704 PCK=0.0073 AET=0.0423 CWD=0.0471 AET_ext=0.2244) | Val: 0.9120 | Weights: PET=0.85 PCK=1.00
2026-05-02 14:03:34,652 [INFO] src.training.trainer: Saved checkpoint: /home/mmann1123/extra_space/bcm_emulator/checkpoints/best_model.pt
2026-05-02 14:17:20,619 [INFO] src.training.trainer: Epoch 18/100 | TF=1.00 | LR=0.000955 | Train: 0.2982 (PET=0.0708 PCK=0.0069 AET=0.0414 CWD=0.0463 AET_ext=0.2195) | Val: 1.0198 | Weights: PET=0.84 PCK=1.00
2026-05-02 14:31:06,479 [INFO] src.training.trainer: Epoch 19/100 | TF=1.00 | LR=0.000947 | Train: 0.2942 (PET=0.0712 PCK=0.0071 AET=0.0407 CWD=0.0457 AET_ext=0.2159) | Val: 1.0803 | Weights: PET=0.83 PCK=1.00
2026-05-02 14:44:52,873 [INFO] src.training.trainer: Epoch 20/100 | TF=1.00 | LR=0.000940 | Train: 0.2921 (PET=0.0717 PCK=0.0067 AET=0.0403 CWD=0.0455 AET_ext=0.2128) | Val: 0.9729 | Weights: PET=0.83 PCK=1.00
2026-05-02 14:44:52,886 [INFO] src.training.trainer: Saved checkpoint: /home/mmann1123/extra_space/bcm_emulator/checkpoints/checkpoint_epoch020.pt
2026-05-02 14:58:39,794 [INFO] src.training.trainer: Epoch 21/100 | TF=1.00 | LR=0.000932 | Train: 0.2920 (PET=0.0723 PCK=0.0066 AET=0.0401 CWD=0.0454 AET_ext=0.2120) | Val: 1.1420 | Weights: PET=0.82 PCK=1.00
2026-05-02 15:12:26,478 [INFO] src.training.trainer: Epoch 22/100 | TF=1.00 | LR=0.000923 | Train: 0.2874 (PET=0.0726 PCK=0.0066 AET=0.0394 CWD=0.0448 AET_ext=0.2075) | Val: 1.1823 | Weights: PET=0.81 PCK=1.00
2026-05-02 15:26:13,542 [INFO] src.training.trainer: Epoch 23/100 | TF=1.00 | LR=0.000914 | Train: 0.2871 (PET=0.0732 PCK=0.0068 AET=0.0392 CWD=0.0446 AET_ext=0.2064) | Val: 1.2197 | Weights: PET=0.80 PCK=1.00
2026-05-02 15:40:00,741 [INFO] src.training.trainer: Epoch 24/100 | TF=1.00 | LR=0.000905 | Train: 0.2838 (PET=0.0738 PCK=0.0063 AET=0.0387 CWD=0.0443 AET_ext=0.2030) | Val: 0.9651 | Weights: PET=0.79 PCK=1.00
2026-05-02 15:53:47,767 [INFO] src.training.trainer: Epoch 25/100 | TF=1.00 | LR=0.000895 | Train: 0.2824 (PET=0.0742 PCK=0.0063 AET=0.0385 CWD=0.0441 AET_ext=0.2014) | Val: 1.0777 | Weights: PET=0.79 PCK=1.00
2026-05-02 16:07:35,433 [INFO] src.training.trainer: Epoch 26/100 | TF=1.00 | LR=0.000884 | Train: 0.2789 (PET=0.0745 PCK=0.0062 AET=0.0378 CWD=0.0436 AET_ext=0.1976) | Val: 0.9953 | Weights: PET=0.78 PCK=1.00
2026-05-02 16:21:23,193 [INFO] src.training.trainer: Epoch 27/100 | TF=1.00 | LR=0.000873 | Train: 0.2777 (PET=0.0751 PCK=0.0062 AET=0.0375 CWD=0.0434 AET_ext=0.1957) | Val: 0.9891 | Weights: PET=0.77 PCK=1.00
2026-05-02 16:35:11,678 [INFO] src.training.trainer: Epoch 28/100 | TF=1.00 | LR=0.000862 | Train: 0.2758 (PET=0.0756 PCK=0.0061 AET=0.0374 CWD=0.0431 AET_ext=0.1944) | Val: 1.2530 | Weights: PET=0.76 PCK=1.00
2026-05-02 16:49:00,073 [INFO] src.training.trainer: Epoch 29/100 | TF=1.00 | LR=0.000851 | Train: 0.2746 (PET=0.0764 PCK=0.0061 AET=0.0370 CWD=0.0430 AET_ext=0.1921) | Val: 1.0092 | Weights: PET=0.75 PCK=1.00
2026-05-02 17:02:48,683 [INFO] src.training.trainer: Epoch 30/100 | TF=1.00 | LR=0.000839 | Train: 0.2729 (PET=0.0766 PCK=0.0060 AET=0.0368 CWD=0.0426 AET_ext=0.1910) | Val: 1.2552 | Weights: PET=0.75 PCK=1.00
2026-05-02 17:02:48,696 [INFO] src.training.trainer: Saved checkpoint: /home/mmann1123/extra_space/bcm_emulator/checkpoints/checkpoint_epoch030.pt
2026-05-02 17:16:37,431 [INFO] src.training.trainer: Epoch 31/100 | TF=1.00 | LR=0.000826 | Train: 0.2716 (PET=0.0772 PCK=0.0061 AET=0.0365 CWD=0.0425 AET_ext=0.1891) | Val: 1.1414 | Weights: PET=0.74 PCK=1.00
2026-05-02 17:30:24,672 [INFO] src.training.trainer: Epoch 32/100 | TF=1.00 | LR=0.000814 | Train: 0.2698 (PET=0.0778 PCK=0.0059 AET=0.0362 CWD=0.0422 AET_ext=0.1871) | Val: 1.0657 | Weights: PET=0.73 PCK=1.00
2026-05-02 17:44:12,651 [INFO] src.training.trainer: Epoch 33/100 | TF=1.00 | LR=0.000801 | Train: 0.2693 (PET=0.0784 PCK=0.0058 AET=0.0361 CWD=0.0421 AET_ext=0.1865) | Val: 1.1438 | Weights: PET=0.72 PCK=1.00
2026-05-02 17:58:00,795 [INFO] src.training.trainer: Epoch 34/100 | TF=1.00 | LR=0.000787 | Train: 0.2672 (PET=0.0788 PCK=0.0059 AET=0.0358 CWD=0.0418 AET_ext=0.1844) | Val: 1.1303 | Weights: PET=0.72 PCK=1.00
2026-05-02 18:11:49,146 [INFO] src.training.trainer: Epoch 35/100 | TF=1.00 | LR=0.000773 | Train: 0.2662 (PET=0.0794 PCK=0.0058 AET=0.0355 CWD=0.0417 AET_ext=0.1827) | Val: 1.2283 | Weights: PET=0.71 PCK=1.00
2026-05-02 18:25:36,616 [INFO] src.training.trainer: Epoch 36/100 | TF=1.00 | LR=0.000759 | Train: 0.2640 (PET=0.0799 PCK=0.0058 AET=0.0352 CWD=0.0413 AET_ext=0.1809) | Val: 1.0987 | Weights: PET=0.70 PCK=1.00
2026-05-02 18:39:24,812 [INFO] src.training.trainer: Epoch 37/100 | TF=1.00 | LR=0.000745 | Train: 0.2640 (PET=0.0806 PCK=0.0057 AET=0.0351 CWD=0.0413 AET_ext=0.1804) | Val: 1.0147 | Weights: PET=0.70 PCK=1.00
2026-05-02 18:53:11,886 [INFO] src.training.trainer: Epoch 38/100 | TF=1.00 | LR=0.000731 | Train: 0.2615 (PET=0.0810 PCK=0.0057 AET=0.0347 CWD=0.0409 AET_ext=0.1784) | Val: 1.0559 | Weights: PET=0.69 PCK=1.00
2026-05-02 19:06:59,886 [INFO] src.training.trainer: Epoch 39/100 | TF=1.00 | LR=0.000716 | Train: 0.2609 (PET=0.0816 PCK=0.0056 AET=0.0347 CWD=0.0408 AET_ext=0.1772) | Val: 1.0243 | Weights: PET=0.68 PCK=1.00
2026-05-02 19:20:46,596 [INFO] src.training.trainer: Epoch 40/100 | TF=1.00 | LR=0.000701 | Train: 0.2594 (PET=0.0821 PCK=0.0056 AET=0.0345 CWD=0.0406 AET_ext=0.1762) | Val: 1.0870 | Weights: PET=0.68 PCK=1.00
2026-05-02 19:20:46,609 [INFO] src.training.trainer: Saved checkpoint: /home/mmann1123/extra_space/bcm_emulator/checkpoints/checkpoint_epoch040.pt
2026-05-02 19:34:33,475 [INFO] src.training.trainer: Epoch 41/100 | TF=1.00 | LR=0.000686 | Train: 0.2587 (PET=0.0827 PCK=0.0056 AET=0.0344 CWD=0.0404 AET_ext=0.1751) | Val: 1.1594 | Weights: PET=0.67 PCK=1.00
2026-05-02 19:48:20,347 [INFO] src.training.trainer: Epoch 42/100 | TF=1.00 | LR=0.000670 | Train: 0.2576 (PET=0.0831 PCK=0.0056 AET=0.0342 CWD=0.0403 AET_ext=0.1740) | Val: 1.0282 | Weights: PET=0.66 PCK=1.00
2026-05-02 20:02:07,422 [INFO] src.training.trainer: Epoch 43/100 | TF=1.00 | LR=0.000655 | Train: 0.2566 (PET=0.0839 PCK=0.0055 AET=0.0340 CWD=0.0401 AET_ext=0.1727) | Val: 0.9872 | Weights: PET=0.66 PCK=1.00
2026-05-02 20:15:54,617 [INFO] src.training.trainer: Epoch 44/100 | TF=1.00 | LR=0.000639 | Train: 0.2544 (PET=0.0843 PCK=0.0055 AET=0.0335 CWD=0.0398 AET_ext=0.1705) | Val: 1.0223 | Weights: PET=0.65 PCK=1.00
2026-05-02 20:29:41,040 [INFO] src.training.trainer: Epoch 45/100 | TF=1.00 | LR=0.000623 | Train: 0.2543 (PET=0.0848 PCK=0.0054 AET=0.0336 CWD=0.0398 AET_ext=0.1710) | Val: 0.9989 | Weights: PET=0.64 PCK=1.00
2026-05-02 20:43:27,498 [INFO] src.training.trainer: Epoch 46/100 | TF=1.00 | LR=0.000607 | Train: 0.2529 (PET=0.0854 PCK=0.0054 AET=0.0334 CWD=0.0395 AET_ext=0.1692) | Val: 1.1413 | Weights: PET=0.64 PCK=1.00
2026-05-02 20:57:13,878 [INFO] src.training.trainer: Epoch 47/100 | TF=1.00 | LR=0.000590 | Train: 0.2516 (PET=0.0858 PCK=0.0054 AET=0.0331 CWD=0.0393 AET_ext=0.1680) | Val: 0.9483 | Weights: PET=0.63 PCK=1.00
2026-05-02 21:11:00,876 [INFO] src.training.trainer: Epoch 48/100 | TF=1.00 | LR=0.000574 | Train: 0.2503 (PET=0.0864 PCK=0.0053 AET=0.0330 CWD=0.0391 AET_ext=0.1670) | Val: 0.9518 | Weights: PET=0.62 PCK=1.00
2026-05-02 21:24:47,910 [INFO] src.training.trainer: Epoch 49/100 | TF=1.00 | LR=0.000558 | Train: 0.2496 (PET=0.0870 PCK=0.0053 AET=0.0329 CWD=0.0390 AET_ext=0.1659) | Val: 1.1297 | Weights: PET=0.62 PCK=1.00
2026-05-02 21:38:34,211 [INFO] src.training.trainer: Epoch 50/100 | TF=1.00 | LR=0.000541 | Train: 0.2488 (PET=0.0877 PCK=0.0052 AET=0.0328 CWD=0.0389 AET_ext=0.1652) | Val: 1.0151 | Weights: PET=0.61 PCK=1.00
2026-05-02 21:38:34,224 [INFO] src.training.trainer: Saved checkpoint: /home/mmann1123/extra_space/bcm_emulator/checkpoints/checkpoint_epoch050.pt
2026-05-02 21:52:20,710 [INFO] src.training.trainer: Epoch 51/100 | TF=1.00 | LR=0.000525 | Train: 0.2475 (PET=0.0882 PCK=0.0052 AET=0.0326 CWD=0.0387 AET_ext=0.1641) | Val: 1.1376 | Weights: PET=0.61 PCK=1.00
2026-05-02 22:09:40,844 [INFO] src.training.trainer: Epoch 52/100 | TF=0.98 | LR=0.000508 | Train: 0.2480 (PET=0.0891 PCK=0.0054 AET=0.0326 CWD=0.0386 AET_ext=0.1644) | Val: 1.0439 | Weights: PET=0.60 PCK=1.00
2026-05-02 22:26:53,891 [INFO] src.training.trainer: Epoch 53/100 | TF=0.96 | LR=0.000492 | Train: 0.2478 (PET=0.0900 PCK=0.0055 AET=0.0325 CWD=0.0385 AET_ext=0.1643) | Val: 1.0152 | Weights: PET=0.59 PCK=1.00
2026-05-02 22:44:07,058 [INFO] src.training.trainer: Epoch 54/100 | TF=0.94 | LR=0.000475 | Train: 0.2482 (PET=0.0908 PCK=0.0056 AET=0.0326 CWD=0.0385 AET_ext=0.1644) | Val: 1.0244 | Weights: PET=0.59 PCK=1.00
2026-05-02 23:01:19,535 [INFO] src.training.trainer: Epoch 55/100 | TF=0.92 | LR=0.000459 | Train: 0.2489 (PET=0.0917 PCK=0.0058 AET=0.0327 CWD=0.0386 AET_ext=0.1643) | Val: 0.9407 | Weights: PET=0.58 PCK=1.00
2026-05-02 23:18:32,442 [INFO] src.training.trainer: Epoch 56/100 | TF=0.90 | LR=0.000442 | Train: 0.2493 (PET=0.0924 PCK=0.0059 AET=0.0328 CWD=0.0385 AET_ext=0.1647) | Val: 1.0073 | Weights: PET=0.58 PCK=1.00
2026-05-02 23:35:46,418 [INFO] src.training.trainer: Epoch 57/100 | TF=0.88 | LR=0.000426 | Train: 0.2494 (PET=0.0930 PCK=0.0060 AET=0.0330 CWD=0.0384 AET_ext=0.1656) | Val: 0.9862 | Weights: PET=0.57 PCK=1.00
2026-05-02 23:53:00,295 [INFO] src.training.trainer: Epoch 58/100 | TF=0.86 | LR=0.000410 | Train: 0.2496 (PET=0.0939 PCK=0.0062 AET=0.0330 CWD=0.0384 AET_ext=0.1652) | Val: 0.9312 | Weights: PET=0.56 PCK=1.00
2026-05-03 00:10:13,888 [INFO] src.training.trainer: Epoch 59/100 | TF=0.84 | LR=0.000393 | Train: 0.2499 (PET=0.0946 PCK=0.0062 AET=0.0331 CWD=0.0383 AET_ext=0.1658) | Val: 1.0816 | Weights: PET=0.56 PCK=1.00
2026-05-03 00:27:26,602 [INFO] src.training.trainer: Epoch 60/100 | TF=0.82 | LR=0.000377 | Train: 0.2506 (PET=0.0952 PCK=0.0064 AET=0.0333 CWD=0.0383 AET_ext=0.1668) | Val: 0.9618 | Weights: PET=0.55 PCK=1.00
2026-05-03 00:27:26,615 [INFO] src.training.trainer: Saved checkpoint: /home/mmann1123/extra_space/bcm_emulator/checkpoints/checkpoint_epoch060.pt
2026-05-03 00:44:39,321 [INFO] src.training.trainer: Epoch 61/100 | TF=0.80 | LR=0.000361 | Train: 0.2499 (PET=0.0959 PCK=0.0066 AET=0.0332 CWD=0.0381 AET_ext=0.1655) | Val: 0.9520 | Weights: PET=0.55 PCK=1.00
2026-05-03 01:01:51,224 [INFO] src.training.trainer: Epoch 62/100 | TF=0.78 | LR=0.000345 | Train: 0.2511 (PET=0.0967 PCK=0.0067 AET=0.0334 CWD=0.0382 AET_ext=0.1669) | Val: 0.9206 | Weights: PET=0.54 PCK=1.00
2026-05-03 01:19:02,958 [INFO] src.training.trainer: Epoch 63/100 | TF=0.76 | LR=0.000330 | Train: 0.2515 (PET=0.0972 PCK=0.0069 AET=0.0336 CWD=0.0382 AET_ext=0.1672) | Val: 0.9401 | Weights: PET=0.54 PCK=1.00
2026-05-03 01:36:14,476 [INFO] src.training.trainer: Epoch 64/100 | TF=0.74 | LR=0.000314 | Train: 0.2529 (PET=0.0980 PCK=0.0072 AET=0.0339 CWD=0.0381 AET_ext=0.1690) | Val: 0.8904 | Weights: PET=0.53 PCK=1.00
2026-05-03 01:36:14,489 [INFO] src.training.trainer: Saved checkpoint: /home/mmann1123/extra_space/bcm_emulator/checkpoints/best_model.pt
2026-05-03 01:53:26,542 [INFO] src.training.trainer: Epoch 65/100 | TF=0.72 | LR=0.000299 | Train: 0.2527 (PET=0.0987 PCK=0.0073 AET=0.0340 CWD=0.0380 AET_ext=0.1686) | Val: 0.9396 | Weights: PET=0.53 PCK=1.00
2026-05-03 02:10:38,706 [INFO] src.training.trainer: Epoch 66/100 | TF=0.70 | LR=0.000284 | Train: 0.2531 (PET=0.0992 PCK=0.0074 AET=0.0342 CWD=0.0380 AET_ext=0.1694) | Val: 0.9035 | Weights: PET=0.52 PCK=1.00
2026-05-03 02:27:50,622 [INFO] src.training.trainer: Epoch 67/100 | TF=0.68 | LR=0.000269 | Train: 0.2540 (PET=0.0997 PCK=0.0076 AET=0.0344 CWD=0.0380 AET_ext=0.1711) | Val: 0.9299 | Weights: PET=0.52 PCK=1.00
Traceback (most recent call last):
  File "/home/mmann1123/extra_space/bcm_emulator/train.py", line 211, in <module>
    main()
  File "/home/mmann1123/extra_space/bcm_emulator/train.py", line 191, in main
    history = trainer.train()
              ^^^^^^^^^^^^^^^
  File "/home/mmann1123/extra_space/bcm_emulator/src/training/trainer.py", line 145, in train
    train_losses = self._train_epoch(epoch, tf_ratio)
                   ^^^^^^^^^^^^^^^^^^^^^^^^^^^^^^^^^^
  File "/home/mmann1123/extra_space/bcm_emulator/src/training/trainer.py", line 218, in _train_epoch
    preds = self.model(inputs, tf_ratio, gt_pck_prev, gt_aet_prev, fveg_ids, kbdi=kbdi, kv=kv)
            ^^^^^^^^^^^^^^^^^^^^^^^^^^^^^^^^^^^^^^^^^^^^^^^^^^^^^^^^^^^^^^^^^^^^^^^^^^^^^^^^^^
  File "/home/mmann1123/miniconda3/envs/deep_field/lib/python3.12/site-packages/torch/nn/modules/module.py", line 1776, in _wrapped_call_impl
    return self._call_impl(*args, **kwargs)
           ^^^^^^^^^^^^^^^^^^^^^^^^^^^^^^^^
  File "/home/mmann1123/miniconda3/envs/deep_field/lib/python3.12/site-packages/torch/nn/modules/module.py", line 1787, in _call_impl
    return forward_call(*args, **kwargs)
           ^^^^^^^^^^^^^^^^^^^^^^^^^^^^^
  File "/home/mmann1123/extra_space/bcm_emulator/src/models/bcm_model.py", line 146, in forward
    return self._forward_autoregressive(x, tf_ratio, gt_pck_prev, gt_aet_prev, fveg_ids, kbdi, kv)
           ^^^^^^^^^^^^^^^^^^^^^^^^^^^^^^^^^^^^^^^^^^^^^^^^^^^^^^^^^^^^^^^^^^^^^^^^^^^^^^^^^^^^^^^
  File "/home/mmann1123/extra_space/bcm_emulator/src/models/bcm_model.py", line 237, in _forward_autoregressive
    aet_slice = self._build_aet_input(x_raw_slice, fveg_ids)
                ^^^^^^^^^^^^^^^^^^^^^^^^^^^^^^^^^^^^^^^^^^^^
  File "/home/mmann1123/extra_space/bcm_emulator/src/models/bcm_model.py", line 154, in _build_aet_input
    aet_input = x_raw[:, self.aet_raw_channel_idx, :]
                ~~~~~^^^^^^^^^^^^^^^^^^^^^^^^^^^^^^^^
torch.AcceleratorError: CUDA error: unspecified launch failure
Search for `cudaErrorLaunchFailure' in https://docs.nvidia.com/cuda/cuda-runtime-api/group__CUDART__TYPES.html for more information.
CUDA kernel errors might be asynchronously reported at some other API call, so the stacktrace below might be incorrect.
For debugging consider passing CUDA_LAUNCH_BLOCKING=1
Compile with `TORCH_USE_CUDA_DSA` to enable device-side assertions.

Terminated
2026-05-03 02:32:29,615 [INFO] __main__: Using device: cuda
2026-05-03 02:32:29,615 [INFO] __main__: Loading dataset...
2026-05-03 02:32:29,679 [INFO] src.data.splits: Splits: train=1980-01..2019-09 (477 months), test=2019-10..2024-09 (60 months)
2026-05-03 02:32:29,701 [INFO] src.data.splits: Using 240871 pixels (50% of valid)
2026-05-03 02:32:29,709 [INFO] src.data.dataset: Preloading data for 240871 pixels into RAM...
2026-05-03 02:32:43,544 [INFO] src.data.dataset:   Dynamic: 108/477 timesteps loaded
2026-05-03 02:32:54,754 [INFO] src.data.dataset:   Dynamic: 204/477 timesteps loaded
2026-05-03 02:33:05,933 [INFO] src.data.dataset:   Dynamic: 300/477 timesteps loaded
2026-05-03 02:33:18,542 [INFO] src.data.dataset:   Dynamic: 408/477 timesteps loaded
2026-05-03 02:33:26,766 [INFO] src.data.dataset: Loaded Kv table: 62 classes, range [0.000, 1.517]
2026-05-03 02:33:39,700 [INFO] src.data.dataset: Preload complete. Dynamic: 6894 MB, Targets: 1838 MB
2026-05-03 02:33:39,708 [INFO] src.data.dataset: Preloading data for 240871 pixels into RAM...
2026-05-03 02:33:47,200 [INFO] src.data.dataset: Loaded Kv table: 62 classes, range [0.000, 1.517]
2026-05-03 02:33:48,875 [INFO] src.data.dataset: Preload complete. Dynamic: 882 MB, Targets: 235 MB
2026-05-03 02:33:48,923 [INFO] src.data.dataset: EcoregionStratifiedSampler: 13 ecoregions, 18528 samples/region, 240871 total/epoch
2026-05-03 02:33:48,923 [INFO] __main__: Building model...
2026-05-03 02:33:48,936 [INFO] __main__: Model parameters: 1,160,740
2026-05-03 02:33:49,444 [INFO] src.training.trainer: Resumed from checkpoints/checkpoint_epoch060.pt at epoch 60, val_loss=0.9618, best_val_loss=0.9120
2026-05-03 02:33:49,445 [INFO] __main__: Starting training...
2026-05-03 02:51:13,938 [INFO] src.training.trainer: Epoch 61/100 | TF=0.80 | LR=0.000361 | Train: 0.2513 (PET=0.0961 PCK=0.0067 AET=0.0334 CWD=0.0383 AET_ext=0.1666) | Val: 1.0272 | Weights: PET=0.55 PCK=1.00
2026-05-03 03:08:27,522 [INFO] src.training.trainer: Epoch 62/100 | TF=0.78 | LR=0.000345 | Train: 0.2508 (PET=0.0965 PCK=0.0067 AET=0.0335 CWD=0.0381 AET_ext=0.1667) | Val: 0.9671 | Weights: PET=0.54 PCK=1.00
2026-05-03 03:25:41,576 [INFO] src.training.trainer: Epoch 63/100 | TF=0.76 | LR=0.000330 | Train: 0.2524 (PET=0.0976 PCK=0.0070 AET=0.0338 CWD=0.0382 AET_ext=0.1681) | Val: 0.9413 | Weights: PET=0.54 PCK=1.00
2026-05-03 03:42:56,115 [INFO] src.training.trainer: Epoch 64/100 | TF=0.74 | LR=0.000314 | Train: 0.2526 (PET=0.0980 PCK=0.0073 AET=0.0338 CWD=0.0381 AET_ext=0.1684) | Val: 0.8936 | Weights: PET=0.53 PCK=1.00
2026-05-03 03:42:56,129 [INFO] src.training.trainer: Saved checkpoint: /home/mmann1123/extra_space/bcm_emulator/checkpoints/best_model.pt
Traceback (most recent call last):
  File "/home/mmann1123/extra_space/bcm_emulator/train.py", line 211, in <module>
    main()
  File "/home/mmann1123/extra_space/bcm_emulator/train.py", line 191, in main
    history = trainer.train()
              ^^^^^^^^^^^^^^^
  File "/home/mmann1123/extra_space/bcm_emulator/src/training/trainer.py", line 145, in train
    train_losses = self._train_epoch(epoch, tf_ratio)
                   ^^^^^^^^^^^^^^^^^^^^^^^^^^^^^^^^^^
  File "/home/mmann1123/extra_space/bcm_emulator/src/training/trainer.py", line 218, in _train_epoch
    preds = self.model(inputs, tf_ratio, gt_pck_prev, gt_aet_prev, fveg_ids, kbdi=kbdi, kv=kv)
            ^^^^^^^^^^^^^^^^^^^^^^^^^^^^^^^^^^^^^^^^^^^^^^^^^^^^^^^^^^^^^^^^^^^^^^^^^^^^^^^^^^
  File "/home/mmann1123/miniconda3/envs/deep_field/lib/python3.12/site-packages/torch/nn/modules/module.py", line 1776, in _wrapped_call_impl
    return self._call_impl(*args, **kwargs)
           ^^^^^^^^^^^^^^^^^^^^^^^^^^^^^^^^
  File "/home/mmann1123/miniconda3/envs/deep_field/lib/python3.12/site-packages/torch/nn/modules/module.py", line 1787, in _call_impl
    return forward_call(*args, **kwargs)
           ^^^^^^^^^^^^^^^^^^^^^^^^^^^^^
  File "/home/mmann1123/extra_space/bcm_emulator/src/models/bcm_model.py", line 146, in forward
    return self._forward_autoregressive(x, tf_ratio, gt_pck_prev, gt_aet_prev, fveg_ids, kbdi, kv)
           ^^^^^^^^^^^^^^^^^^^^^^^^^^^^^^^^^^^^^^^^^^^^^^^^^^^^^^^^^^^^^^^^^^^^^^^^^^^^^^^^^^^^^^^
  File "/home/mmann1123/extra_space/bcm_emulator/src/models/bcm_model.py", line 218, in _forward_autoregressive
    use_gt = torch.rand(1, device=device).item() < tf_ratio
             ^^^^^^^^^^^^^^^^^^^^^^^^^^^^^^^^^^^
torch.AcceleratorError: CUDA error: unspecified launch failure
Search for `cudaErrorLaunchFailure' in https://docs.nvidia.com/cuda/cuda-runtime-api/group__CUDART__TYPES.html for more information.
CUDA kernel errors might be asynchronously reported at some other API call, so the stacktrace below might be incorrect.
For debugging consider passing CUDA_LAUNCH_BLOCKING=1
Compile with `TORCH_USE_CUDA_DSA` to enable device-side assertions.

Terminated
2026-05-03 03:44:16,618 [INFO] __main__: Using device: cuda
2026-05-03 03:44:16,618 [INFO] __main__: Loading dataset...
2026-05-03 03:44:16,682 [INFO] src.data.splits: Splits: train=1980-01..2019-09 (477 months), test=2019-10..2024-09 (60 months)
2026-05-03 03:44:16,703 [INFO] src.data.splits: Using 240871 pixels (50% of valid)
2026-05-03 03:44:16,711 [INFO] src.data.dataset: Preloading data for 240871 pixels into RAM...
2026-05-03 03:44:30,592 [INFO] src.data.dataset:   Dynamic: 108/477 timesteps loaded
2026-05-03 03:44:41,870 [INFO] src.data.dataset:   Dynamic: 204/477 timesteps loaded
2026-05-03 03:44:53,027 [INFO] src.data.dataset:   Dynamic: 300/477 timesteps loaded
2026-05-03 03:45:05,660 [INFO] src.data.dataset:   Dynamic: 408/477 timesteps loaded
2026-05-03 03:45:13,924 [INFO] src.data.dataset: Loaded Kv table: 62 classes, range [0.000, 1.517]
2026-05-03 03:45:27,180 [INFO] src.data.dataset: Preload complete. Dynamic: 6894 MB, Targets: 1838 MB
2026-05-03 03:45:27,188 [INFO] src.data.dataset: Preloading data for 240871 pixels into RAM...
2026-05-03 03:45:34,726 [INFO] src.data.dataset: Loaded Kv table: 62 classes, range [0.000, 1.517]
2026-05-03 03:45:36,437 [INFO] src.data.dataset: Preload complete. Dynamic: 882 MB, Targets: 235 MB
2026-05-03 03:45:36,487 [INFO] src.data.dataset: EcoregionStratifiedSampler: 13 ecoregions, 18528 samples/region, 240871 total/epoch
2026-05-03 03:45:36,487 [INFO] __main__: Building model...
2026-05-03 03:45:36,500 [INFO] __main__: Model parameters: 1,160,740
2026-05-03 03:45:37,027 [INFO] src.training.trainer: Resumed from checkpoints/checkpoint_epoch060.pt at epoch 60, val_loss=0.9618, best_val_loss=0.9120
2026-05-03 03:45:37,027 [INFO] __main__: Starting training...
2026-05-03 04:02:59,125 [INFO] src.training.trainer: Epoch 61/100 | TF=0.80 | LR=0.000361 | Train: 0.2516 (PET=0.0959 PCK=0.0068 AET=0.0335 CWD=0.0383 AET_ext=0.1670) | Val: 1.0264 | Weights: PET=0.55 PCK=1.00
2026-05-03 04:20:11,311 [INFO] src.training.trainer: Epoch 62/100 | TF=0.78 | LR=0.000345 | Train: 0.2517 (PET=0.0969 PCK=0.0068 AET=0.0335 CWD=0.0383 AET_ext=0.1670) | Val: 0.9819 | Weights: PET=0.54 PCK=1.00
2026-05-03 04:37:22,581 [INFO] src.training.trainer: Epoch 63/100 | TF=0.76 | LR=0.000330 | Train: 0.2516 (PET=0.0972 PCK=0.0069 AET=0.0337 CWD=0.0381 AET_ext=0.1675) | Val: 0.8607 | Weights: PET=0.54 PCK=1.00
2026-05-03 04:37:22,596 [INFO] src.training.trainer: Saved checkpoint: /home/mmann1123/extra_space/bcm_emulator/checkpoints/best_model.pt
2026-05-03 04:54:34,247 [INFO] src.training.trainer: Epoch 64/100 | TF=0.74 | LR=0.000314 | Train: 0.2517 (PET=0.0979 PCK=0.0071 AET=0.0337 CWD=0.0380 AET_ext=0.1675) | Val: 0.9411 | Weights: PET=0.53 PCK=1.00
2026-05-03 05:11:44,984 [INFO] src.training.trainer: Epoch 65/100 | TF=0.72 | LR=0.000299 | Train: 0.2519 (PET=0.0984 PCK=0.0073 AET=0.0338 CWD=0.0380 AET_ext=0.1678) | Val: 0.8962 | Weights: PET=0.53 PCK=1.00
2026-05-03 05:28:55,998 [INFO] src.training.trainer: Epoch 66/100 | TF=0.70 | LR=0.000284 | Train: 0.2530 (PET=0.0991 PCK=0.0075 AET=0.0341 CWD=0.0380 AET_ext=0.1692) | Val: 0.9076 | Weights: PET=0.52 PCK=1.00
2026-05-03 05:46:07,337 [INFO] src.training.trainer: Epoch 67/100 | TF=0.68 | LR=0.000269 | Train: 0.2526 (PET=0.0997 PCK=0.0075 AET=0.0341 CWD=0.0379 AET_ext=0.1688) | Val: 0.9320 | Weights: PET=0.52 PCK=1.00
2026-05-03 06:03:19,186 [INFO] src.training.trainer: Epoch 68/100 | TF=0.66 | LR=0.000255 | Train: 0.2544 (PET=0.1006 PCK=0.0077 AET=0.0345 CWD=0.0380 AET_ext=0.1706) | Val: 0.9903 | Weights: PET=0.51 PCK=1.00
2026-05-03 06:20:31,237 [INFO] src.training.trainer: Epoch 69/100 | TF=0.64 | LR=0.000241 | Train: 0.2543 (PET=0.1008 PCK=0.0081 AET=0.0346 CWD=0.0378 AET_ext=0.1711) | Val: 0.9603 | Weights: PET=0.50 PCK=1.00
2026-05-03 06:37:42,616 [INFO] src.training.trainer: Epoch 70/100 | TF=0.62 | LR=0.000227 | Train: 0.2557 (PET=0.1015 PCK=0.0083 AET=0.0349 CWD=0.0378 AET_ext=0.1728) | Val: 0.9739 | Weights: PET=0.50 PCK=1.00
2026-05-03 06:37:42,630 [INFO] src.training.trainer: Saved checkpoint: /home/mmann1123/extra_space/bcm_emulator/checkpoints/checkpoint_epoch070.pt
2026-05-03 06:54:50,647 [INFO] src.training.trainer: Epoch 71/100 | TF=0.60 | LR=0.000213 | Train: 0.2573 (PET=0.1016 PCK=0.0085 AET=0.0353 CWD=0.0379 AET_ext=0.1742) | Val: 0.8751 | Weights: PET=0.50 PCK=1.00
2026-05-03 07:12:00,931 [INFO] src.training.trainer: Epoch 72/100 | TF=0.58 | LR=0.000199 | Train: 0.2592 (PET=0.1018 PCK=0.0087 AET=0.0356 CWD=0.0381 AET_ext=0.1759) | Val: 0.9765 | Weights: PET=0.50 PCK=1.00
2026-05-03 07:29:11,621 [INFO] src.training.trainer: Epoch 73/100 | TF=0.56 | LR=0.000186 | Train: 0.2596 (PET=0.1017 PCK=0.0090 AET=0.0357 CWD=0.0380 AET_ext=0.1761) | Val: 0.8543 | Weights: PET=0.50 PCK=1.00
2026-05-03 07:29:11,635 [INFO] src.training.trainer: Saved checkpoint: /home/mmann1123/extra_space/bcm_emulator/checkpoints/best_model.pt
2026-05-03 07:46:22,967 [INFO] src.training.trainer: Epoch 74/100 | TF=0.54 | LR=0.000174 | Train: 0.2611 (PET=0.1018 PCK=0.0092 AET=0.0359 CWD=0.0381 AET_ext=0.1779) | Val: 0.9027 | Weights: PET=0.50 PCK=1.00
2026-05-03 08:03:34,726 [INFO] src.training.trainer: Epoch 75/100 | TF=0.52 | LR=0.000161 | Train: 0.2617 (PET=0.1017 PCK=0.0094 AET=0.0361 CWD=0.0381 AET_ext=0.1786) | Val: 0.8736 | Weights: PET=0.50 PCK=1.00
2026-05-03 08:20:46,286 [INFO] src.training.trainer: Epoch 76/100 | TF=0.50 | LR=0.000149 | Train: 0.2642 (PET=0.1019 PCK=0.0098 AET=0.0366 CWD=0.0383 AET_ext=0.1804) | Val: 0.8519 | Weights: PET=0.50 PCK=1.00
2026-05-03 08:20:46,300 [INFO] src.training.trainer: Saved checkpoint: /home/mmann1123/extra_space/bcm_emulator/checkpoints/best_model.pt
2026-05-03 08:37:58,053 [INFO] src.training.trainer: Epoch 77/100 | TF=0.48 | LR=0.000138 | Train: 0.2660 (PET=0.1019 PCK=0.0100 AET=0.0370 CWD=0.0384 AET_ext=0.1826) | Val: 0.9409 | Weights: PET=0.50 PCK=1.00
2026-05-03 08:55:09,092 [INFO] src.training.trainer: Epoch 78/100 | TF=0.46 | LR=0.000127 | Train: 0.2675 (PET=0.1017 PCK=0.0103 AET=0.0373 CWD=0.0384 AET_ext=0.1843) | Val: 0.8892 | Weights: PET=0.50 PCK=1.00
2026-05-03 09:12:20,586 [INFO] src.training.trainer: Epoch 79/100 | TF=0.44 | LR=0.000116 | Train: 0.2711 (PET=0.1018 PCK=0.0110 AET=0.0380 CWD=0.0385 AET_ext=0.1883) | Val: 0.9544 | Weights: PET=0.50 PCK=1.00
2026-05-03 09:29:31,397 [INFO] src.training.trainer: Epoch 80/100 | TF=0.42 | LR=0.000105 | Train: 0.2733 (PET=0.1018 PCK=0.0114 AET=0.0385 CWD=0.0387 AET_ext=0.1898) | Val: 0.8998 | Weights: PET=0.50 PCK=1.00
2026-05-03 09:29:31,411 [INFO] src.training.trainer: Saved checkpoint: /home/mmann1123/extra_space/bcm_emulator/checkpoints/checkpoint_epoch080.pt
2026-05-03 09:46:42,375 [INFO] src.training.trainer: Epoch 81/100 | TF=0.40 | LR=0.000095 | Train: 0.2740 (PET=0.1018 PCK=0.0114 AET=0.0386 CWD=0.0387 AET_ext=0.1910) | Val: 0.8835 | Weights: PET=0.50 PCK=1.00
2026-05-03 10:03:53,102 [INFO] src.training.trainer: Epoch 82/100 | TF=0.38 | LR=0.000086 | Train: 0.2760 (PET=0.1019 PCK=0.0115 AET=0.0391 CWD=0.0388 AET_ext=0.1933) | Val: 0.8802 | Weights: PET=0.50 PCK=1.00
2026-05-03 10:21:03,882 [INFO] src.training.trainer: Epoch 83/100 | TF=0.36 | LR=0.000077 | Train: 0.2806 (PET=0.1019 PCK=0.0124 AET=0.0400 CWD=0.0391 AET_ext=0.1974) | Val: 0.8999 | Weights: PET=0.50 PCK=1.00
2026-05-03 10:38:15,476 [INFO] src.training.trainer: Epoch 84/100 | TF=0.34 | LR=0.000068 | Train: 0.2805 (PET=0.1019 PCK=0.0125 AET=0.0399 CWD=0.0390 AET_ext=0.1977) | Val: 0.8855 | Weights: PET=0.50 PCK=1.00
2026-05-03 10:55:27,841 [INFO] src.training.trainer: Epoch 85/100 | TF=0.32 | LR=0.000060 | Train: 0.2840 (PET=0.1016 PCK=0.0131 AET=0.0406 CWD=0.0392 AET_ext=0.2013) | Val: 0.8864 | Weights: PET=0.50 PCK=1.00
2026-05-03 11:12:39,435 [INFO] src.training.trainer: Epoch 86/100 | TF=0.30 | LR=0.000053 | Train: 0.2882 (PET=0.1018 PCK=0.0136 AET=0.0415 CWD=0.0394 AET_ext=0.2060) | Val: 0.8805 | Weights: PET=0.50 PCK=1.00
2026-05-03 11:29:51,299 [INFO] src.training.trainer: Epoch 87/100 | TF=0.28 | LR=0.000045 | Train: 0.2912 (PET=0.1015 PCK=0.0144 AET=0.0421 CWD=0.0394 AET_ext=0.2087) | Val: 0.8667 | Weights: PET=0.50 PCK=1.00
2026-05-03 11:47:03,923 [INFO] src.training.trainer: Epoch 88/100 | TF=0.26 | LR=0.000039 | Train: 0.2931 (PET=0.1017 PCK=0.0146 AET=0.0424 CWD=0.0396 AET_ext=0.2101) | Val: 0.8657 | Weights: PET=0.50 PCK=1.00
2026-05-03 12:04:16,165 [INFO] src.training.trainer: Epoch 89/100 | TF=0.24 | LR=0.000033 | Train: 0.2988 (PET=0.1016 PCK=0.0158 AET=0.0435 CWD=0.0399 AET_ext=0.2151) | Val: 0.8859 | Weights: PET=0.50 PCK=1.00
2026-05-03 12:21:29,081 [INFO] src.training.trainer: Epoch 90/100 | TF=0.22 | LR=0.000027 | Train: 0.3016 (PET=0.1016 PCK=0.0158 AET=0.0442 CWD=0.0400 AET_ext=0.2190) | Val: 0.8623 | Weights: PET=0.50 PCK=1.00
2026-05-03 12:21:29,095 [INFO] src.training.trainer: Saved checkpoint: /home/mmann1123/extra_space/bcm_emulator/checkpoints/checkpoint_epoch090.pt
2026-05-03 12:38:42,681 [INFO] src.training.trainer: Epoch 91/100 | TF=0.20 | LR=0.000022 | Train: 0.3075 (PET=0.1016 PCK=0.0169 AET=0.0453 CWD=0.0402 AET_ext=0.2253) | Val: 0.8785 | Weights: PET=0.50 PCK=1.00
2026-05-03 12:55:57,051 [INFO] src.training.trainer: Epoch 92/100 | TF=0.18 | LR=0.000017 | Train: 0.3121 (PET=0.1015 PCK=0.0177 AET=0.0462 CWD=0.0404 AET_ext=0.2293) | Val: 0.8689 | Weights: PET=0.50 PCK=1.00
2026-05-03 13:13:09,971 [INFO] src.training.trainer: Epoch 93/100 | TF=0.16 | LR=0.000013 | Train: 0.3188 (PET=0.1014 PCK=0.0189 AET=0.0474 CWD=0.0407 AET_ext=0.2360) | Val: 0.8763 | Weights: PET=0.50 PCK=1.00
2026-05-03 13:30:21,820 [INFO] src.training.trainer: Epoch 94/100 | TF=0.14 | LR=0.000010 | Train: 0.3232 (PET=0.1015 PCK=0.0198 AET=0.0482 CWD=0.0409 AET_ext=0.2394) | Val: 0.8736 | Weights: PET=0.50 PCK=1.00
2026-05-03 13:47:33,789 [INFO] src.training.trainer: Epoch 95/100 | TF=0.12 | LR=0.000007 | Train: 0.3311 (PET=0.1014 PCK=0.0208 AET=0.0498 CWD=0.0413 AET_ext=0.2477) | Val: 0.8775 | Weights: PET=0.50 PCK=1.00
2026-05-03 14:04:45,851 [INFO] src.training.trainer: Epoch 96/100 | TF=0.10 | LR=0.000004 | Train: 0.3348 (PET=0.1014 PCK=0.0217 AET=0.0504 CWD=0.0414 AET_ext=0.2510) | Val: 0.8703 | Weights: PET=0.50 PCK=1.00
2026-05-03 14:21:57,340 [INFO] src.training.trainer: Epoch 97/100 | TF=0.08 | LR=0.000002 | Train: 0.3460 (PET=0.1014 PCK=0.0231 AET=0.0525 CWD=0.0420 AET_ext=0.2621) | Val: 0.8727 | Weights: PET=0.50 PCK=1.00
2026-05-03 14:39:08,741 [INFO] src.training.trainer: Epoch 98/100 | TF=0.06 | LR=0.000001 | Train: 0.3565 (PET=0.1013 PCK=0.0251 AET=0.0545 CWD=0.0425 AET_ext=0.2719) | Val: 0.8674 | Weights: PET=0.50 PCK=1.00
2026-05-03 14:56:21,380 [INFO] src.training.trainer: Epoch 99/100 | TF=0.04 | LR=0.000000 | Train: 0.3665 (PET=0.1012 PCK=0.0284 AET=0.0559 CWD=0.0428 AET_ext=0.2781) | Val: 0.8635 | Weights: PET=0.50 PCK=1.00
2026-05-03 15:13:33,537 [INFO] src.training.trainer: Epoch 100/100 | TF=0.02 | LR=0.000000 | Train: 0.3776 (PET=0.1015 PCK=0.0300 AET=0.0579 CWD=0.0435 AET_ext=0.2884) | Val: 0.8680 | Weights: PET=0.50 PCK=1.00
2026-05-03 15:13:33,551 [INFO] src.training.trainer: Saved checkpoint: /home/mmann1123/extra_space/bcm_emulator/checkpoints/checkpoint_epoch100.pt
2026-05-03 15:13:33,551 [INFO] __main__: Training complete.
2026-05-03 15:13:33,551 [INFO] __main__: Training history saved: /home/mmann1123/extra_space/bcm_emulator/outputs/training_history.json
2026-05-03 15:13:33,552 [INFO] __main__: Creating snapshot 'v24b-annualpool-lambda3.0-v17-polaris-awc'...
2026-05-03 15:13:33,552 [INFO] src.utils.snapshot: Creating snapshot: /home/mmann1123/extra_space/bcm_emulator/snapshots/v24b-annualpool-lambda3.0-v17-polaris-awc
2026-05-03 15:13:33,554 [INFO] src.utils.snapshot:   Copied checkpoint (14.0 MB)
2026-05-03 15:13:33,561 [INFO] src.utils.snapshot:   Copied 21 spatial map files
2026-05-03 15:13:33,572 [INFO] src.utils.snapshot:   Wrote manifest.json
2026-05-03 15:13:33,574 [INFO] src.utils.snapshot: Created git tag: v24b-annualpool-lambda3.0-v17-polaris-awc
2026-05-03 15:13:33,574 [INFO] src.utils.snapshot: Snapshot 'v24b-annualpool-lambda3.0-v17-polaris-awc' complete at /home/mmann1123/extra_space/bcm_emulator/snapshots/v24b-annualpool-lambda3.0-v17-polaris-awc
