2026-05-03 15:19:50,408 [INFO] __main__: Using device: cuda
2026-05-03 15:19:50,408 [INFO] __main__: Loading dataset...
2026-05-03 15:19:50,471 [INFO] src.data.splits: Splits: train=1980-01..2019-09 (477 months), test=2019-10..2024-09 (60 months)
2026-05-03 15:19:50,492 [INFO] src.data.splits: Using 240871 pixels (50% of valid)
2026-05-03 15:19:50,501 [INFO] src.data.dataset: Preloading data for 240871 pixels into RAM...
2026-05-03 15:20:04,191 [INFO] src.data.dataset:   Dynamic: 108/477 timesteps loaded
2026-05-03 15:20:15,330 [INFO] src.data.dataset:   Dynamic: 204/477 timesteps loaded
2026-05-03 15:20:26,536 [INFO] src.data.dataset:   Dynamic: 300/477 timesteps loaded
2026-05-03 15:20:39,114 [INFO] src.data.dataset:   Dynamic: 408/477 timesteps loaded
2026-05-03 15:20:47,313 [INFO] src.data.dataset: Loaded Kv table: 62 classes, range [0.000, 1.517]
2026-05-03 15:21:00,335 [INFO] src.data.dataset: Preload complete. Dynamic: 6894 MB, Targets: 1838 MB
2026-05-03 15:21:00,343 [INFO] src.data.dataset: Preloading data for 240871 pixels into RAM...
2026-05-03 15:21:07,974 [INFO] src.data.dataset: Loaded Kv table: 62 classes, range [0.000, 1.517]
2026-05-03 15:21:09,684 [INFO] src.data.dataset: Preload complete. Dynamic: 882 MB, Targets: 235 MB
2026-05-03 15:21:09,732 [INFO] src.data.dataset: EcoregionStratifiedSampler: 13 ecoregions, 18528 samples/region, 240871 total/epoch
2026-05-03 15:21:09,732 [INFO] __main__: Building model...
2026-05-03 15:21:09,743 [INFO] __main__: Model parameters: 1,160,740
2026-05-03 15:21:10,243 [INFO] __main__: Starting training...
2026-05-03 15:34:58,613 [INFO] src.training.trainer: Epoch 1/100 | TF=1.00 | LR=0.000280 | Train: 2.1656 (PET=0.1658 PCK=0.3416 AET=0.2617 CWD=0.1939 AET_ext=1.6962) | Val: 1.5976 | Weights: PET=1.00 PCK=1.00
2026-05-03 15:34:58,628 [INFO] src.training.trainer: Saved checkpoint: /home/mmann1123/extra_space/bcm_emulator/checkpoints/best_model.pt
2026-05-03 15:48:46,820 [INFO] src.training.trainer: Epoch 2/100 | TF=1.00 | LR=0.000460 | Train: 0.7037 (PET=0.0709 PCK=0.0360 AET=0.1070 CWD=0.0970 AET_ext=0.5532) | Val: 1.3517 | Weights: PET=0.99 PCK=1.00
2026-05-03 15:48:46,835 [INFO] src.training.trainer: Saved checkpoint: /home/mmann1123/extra_space/bcm_emulator/checkpoints/best_model.pt
2026-05-03 16:02:34,923 [INFO] src.training.trainer: Epoch 3/100 | TF=1.00 | LR=0.000640 | Train: 0.5866 (PET=0.0653 PCK=0.0239 AET=0.0859 CWD=0.0861 AET_ext=0.4533) | Val: 0.9639 | Weights: PET=0.98 PCK=1.00
2026-05-03 16:02:34,937 [INFO] src.training.trainer: Saved checkpoint: /home/mmann1123/extra_space/bcm_emulator/checkpoints/best_model.pt
2026-05-03 16:16:22,966 [INFO] src.training.trainer: Epoch 4/100 | TF=1.00 | LR=0.000820 | Train: 0.5286 (PET=0.0638 PCK=0.0202 AET=0.0754 CWD=0.0805 AET_ext=0.4009) | Val: 1.0995 | Weights: PET=0.97 PCK=1.00
2026-05-03 16:30:11,127 [INFO] src.training.trainer: Epoch 5/100 | TF=1.00 | LR=0.001000 | Train: 0.4947 (PET=0.0631 PCK=0.0172 AET=0.0688 CWD=0.0772 AET_ext=0.3633) | Val: 0.9945 | Weights: PET=0.96 PCK=1.00
2026-05-03 16:44:00,011 [INFO] src.training.trainer: Epoch 6/100 | TF=1.00 | LR=0.001000 | Train: 0.4725 (PET=0.0628 PCK=0.0136 AET=0.0643 CWD=0.0751 AET_ext=0.3400) | Val: 1.0375 | Weights: PET=0.95 PCK=1.00
2026-05-03 16:57:47,855 [INFO] src.training.trainer: Epoch 7/100 | TF=1.00 | LR=0.000999 | Train: 0.4501 (PET=0.0627 PCK=0.0121 AET=0.0604 CWD=0.0730 AET_ext=0.3195) | Val: 1.4042 | Weights: PET=0.94 PCK=1.00
2026-05-03 17:11:36,808 [INFO] src.training.trainer: Epoch 8/100 | TF=1.00 | LR=0.000998 | Train: 0.4256 (PET=0.0627 PCK=0.0110 AET=0.0564 CWD=0.0710 AET_ext=0.2964) | Val: 1.0455 | Weights: PET=0.93 PCK=1.00
2026-05-03 17:25:26,234 [INFO] src.training.trainer: Epoch 9/100 | TF=1.00 | LR=0.000996 | Train: 0.4171 (PET=0.0629 PCK=0.0100 AET=0.0544 CWD=0.0700 AET_ext=0.2865) | Val: 1.3031 | Weights: PET=0.92 PCK=1.00
2026-05-03 17:39:15,540 [INFO] src.training.trainer: Epoch 10/100 | TF=1.00 | LR=0.000993 | Train: 0.4057 (PET=0.0632 PCK=0.0096 AET=0.0524 CWD=0.0686 AET_ext=0.2760) | Val: 1.1649 | Weights: PET=0.91 PCK=1.00
2026-05-03 17:39:15,553 [INFO] src.training.trainer: Saved checkpoint: /home/mmann1123/extra_space/bcm_emulator/checkpoints/checkpoint_epoch010.pt
2026-05-03 17:53:04,800 [INFO] src.training.trainer: Epoch 11/100 | TF=1.00 | LR=0.000990 | Train: 0.3933 (PET=0.0635 PCK=0.0094 AET=0.0506 CWD=0.0674 AET_ext=0.2663) | Val: 1.3318 | Weights: PET=0.90 PCK=1.00
2026-05-03 18:06:54,215 [INFO] src.training.trainer: Epoch 12/100 | TF=1.00 | LR=0.000987 | Train: 0.3838 (PET=0.0640 PCK=0.0087 AET=0.0489 CWD=0.0665 AET_ext=0.2568) | Val: 1.0582 | Weights: PET=0.90 PCK=1.00
2026-05-03 18:20:44,475 [INFO] src.training.trainer: Epoch 13/100 | TF=1.00 | LR=0.000983 | Train: 0.3772 (PET=0.0644 PCK=0.0084 AET=0.0475 CWD=0.0658 AET_ext=0.2486) | Val: 1.1082 | Weights: PET=0.89 PCK=1.00
2026-05-03 18:34:33,709 [INFO] src.training.trainer: Epoch 14/100 | TF=1.00 | LR=0.000978 | Train: 0.3743 (PET=0.0649 PCK=0.0082 AET=0.0465 CWD=0.0656 AET_ext=0.2433) | Val: 0.8861 | Weights: PET=0.88 PCK=1.00
2026-05-03 18:34:33,722 [INFO] src.training.trainer: Saved checkpoint: /home/mmann1123/extra_space/bcm_emulator/checkpoints/best_model.pt
2026-05-03 18:48:22,226 [INFO] src.training.trainer: Epoch 15/100 | TF=1.00 | LR=0.000973 | Train: 0.3695 (PET=0.0653 PCK=0.0085 AET=0.0456 CWD=0.0649 AET_ext=0.2378) | Val: 1.2813 | Weights: PET=0.87 PCK=1.00
2026-05-03 19:02:12,178 [INFO] src.training.trainer: Epoch 16/100 | TF=1.00 | LR=0.000967 | Train: 0.3636 (PET=0.0657 PCK=0.0078 AET=0.0450 CWD=0.0642 AET_ext=0.2344) | Val: 1.0089 | Weights: PET=0.86 PCK=1.00
2026-05-03 19:16:01,569 [INFO] src.training.trainer: Epoch 17/100 | TF=1.00 | LR=0.000961 | Train: 0.3579 (PET=0.0662 PCK=0.0076 AET=0.0439 CWD=0.0636 AET_ext=0.2288) | Val: 0.9043 | Weights: PET=0.85 PCK=1.00
2026-05-03 19:29:49,907 [INFO] src.training.trainer: Epoch 18/100 | TF=1.00 | LR=0.000955 | Train: 0.3531 (PET=0.0666 PCK=0.0077 AET=0.0431 CWD=0.0632 AET_ext=0.2248) | Val: 1.0101 | Weights: PET=0.84 PCK=1.00
2026-05-03 19:43:36,422 [INFO] src.training.trainer: Epoch 19/100 | TF=1.00 | LR=0.000947 | Train: 0.3503 (PET=0.0672 PCK=0.0076 AET=0.0426 CWD=0.0627 AET_ext=0.2222) | Val: 0.9616 | Weights: PET=0.83 PCK=1.00
2026-05-03 19:57:21,030 [INFO] src.training.trainer: Epoch 20/100 | TF=1.00 | LR=0.000940 | Train: 0.3455 (PET=0.0674 PCK=0.0074 AET=0.0419 CWD=0.0620 AET_ext=0.2179) | Val: 1.1101 | Weights: PET=0.83 PCK=1.00
2026-05-03 19:57:21,044 [INFO] src.training.trainer: Saved checkpoint: /home/mmann1123/extra_space/bcm_emulator/checkpoints/checkpoint_epoch020.pt
2026-05-03 20:11:04,761 [INFO] src.training.trainer: Epoch 21/100 | TF=1.00 | LR=0.000932 | Train: 0.3432 (PET=0.0682 PCK=0.0072 AET=0.0414 CWD=0.0619 AET_ext=0.2148) | Val: 1.1687 | Weights: PET=0.82 PCK=1.00
2026-05-03 20:24:49,213 [INFO] src.training.trainer: Epoch 22/100 | TF=1.00 | LR=0.000923 | Train: 0.3419 (PET=0.0685 PCK=0.0072 AET=0.0409 CWD=0.0616 AET_ext=0.2121) | Val: 0.8837 | Weights: PET=0.81 PCK=1.00
2026-05-03 20:24:49,226 [INFO] src.training.trainer: Saved checkpoint: /home/mmann1123/extra_space/bcm_emulator/checkpoints/best_model.pt
2026-05-03 20:38:32,652 [INFO] src.training.trainer: Epoch 23/100 | TF=1.00 | LR=0.000914 | Train: 0.3379 (PET=0.0691 PCK=0.0071 AET=0.0405 CWD=0.0613 AET_ext=0.2091) | Val: 1.0235 | Weights: PET=0.80 PCK=1.00
2026-05-03 20:52:16,250 [INFO] src.training.trainer: Epoch 24/100 | TF=1.00 | LR=0.000905 | Train: 0.3360 (PET=0.0696 PCK=0.0068 AET=0.0399 CWD=0.0610 AET_ext=0.2063) | Val: 1.0664 | Weights: PET=0.79 PCK=1.00
2026-05-03 21:05:57,969 [INFO] src.training.trainer: Epoch 25/100 | TF=1.00 | LR=0.000895 | Train: 0.3331 (PET=0.0699 PCK=0.0069 AET=0.0397 CWD=0.0605 AET_ext=0.2052) | Val: 0.9847 | Weights: PET=0.79 PCK=1.00
2026-05-03 21:19:39,876 [INFO] src.training.trainer: Epoch 26/100 | TF=1.00 | LR=0.000884 | Train: 0.3298 (PET=0.0704 PCK=0.0068 AET=0.0391 CWD=0.0601 AET_ext=0.2018) | Val: 1.0254 | Weights: PET=0.78 PCK=1.00
2026-05-03 21:33:21,540 [INFO] src.training.trainer: Epoch 27/100 | TF=1.00 | LR=0.000873 | Train: 0.3274 (PET=0.0711 PCK=0.0068 AET=0.0389 CWD=0.0598 AET_ext=0.2005) | Val: 0.9887 | Weights: PET=0.77 PCK=1.00
2026-05-03 21:47:03,280 [INFO] src.training.trainer: Epoch 28/100 | TF=1.00 | LR=0.000862 | Train: 0.3264 (PET=0.0716 PCK=0.0067 AET=0.0385 CWD=0.0598 AET_ext=0.1982) | Val: 0.9948 | Weights: PET=0.76 PCK=1.00
2026-05-03 22:00:44,668 [INFO] src.training.trainer: Epoch 29/100 | TF=1.00 | LR=0.000851 | Train: 0.3234 (PET=0.0720 PCK=0.0064 AET=0.0381 CWD=0.0595 AET_ext=0.1956) | Val: 0.9694 | Weights: PET=0.75 PCK=1.00
2026-05-03 22:14:24,950 [INFO] src.training.trainer: Epoch 30/100 | TF=1.00 | LR=0.000839 | Train: 0.3218 (PET=0.0726 PCK=0.0065 AET=0.0379 CWD=0.0591 AET_ext=0.1948) | Val: 1.0284 | Weights: PET=0.75 PCK=1.00
2026-05-03 22:14:24,964 [INFO] src.training.trainer: Saved checkpoint: /home/mmann1123/extra_space/bcm_emulator/checkpoints/checkpoint_epoch030.pt
2026-05-03 22:28:07,045 [INFO] src.training.trainer: Epoch 31/100 | TF=1.00 | LR=0.000826 | Train: 0.3183 (PET=0.0729 PCK=0.0065 AET=0.0374 CWD=0.0587 AET_ext=0.1915) | Val: 1.0780 | Weights: PET=0.74 PCK=1.00
2026-05-03 22:41:48,693 [INFO] src.training.trainer: Epoch 32/100 | TF=1.00 | LR=0.000814 | Train: 0.3174 (PET=0.0737 PCK=0.0062 AET=0.0372 CWD=0.0587 AET_ext=0.1905) | Val: 0.9470 | Weights: PET=0.73 PCK=1.00
2026-05-03 22:55:29,041 [INFO] src.training.trainer: Epoch 33/100 | TF=1.00 | LR=0.000801 | Train: 0.3155 (PET=0.0740 PCK=0.0063 AET=0.0368 CWD=0.0583 AET_ext=0.1883) | Val: 1.0580 | Weights: PET=0.72 PCK=1.00
2026-05-03 23:09:10,266 [INFO] src.training.trainer: Epoch 34/100 | TF=1.00 | LR=0.000787 | Train: 0.3132 (PET=0.0746 PCK=0.0062 AET=0.0364 CWD=0.0581 AET_ext=0.1861) | Val: 1.1552 | Weights: PET=0.72 PCK=1.00
2026-05-03 23:22:51,117 [INFO] src.training.trainer: Epoch 35/100 | TF=1.00 | LR=0.000773 | Train: 0.3127 (PET=0.0752 PCK=0.0061 AET=0.0364 CWD=0.0580 AET_ext=0.1862) | Val: 1.1336 | Weights: PET=0.71 PCK=1.00
2026-05-03 23:36:32,001 [INFO] src.training.trainer: Epoch 36/100 | TF=1.00 | LR=0.000759 | Train: 0.3109 (PET=0.0756 PCK=0.0061 AET=0.0361 CWD=0.0576 AET_ext=0.1845) | Val: 1.0379 | Weights: PET=0.70 PCK=1.00
2026-05-03 23:50:14,063 [INFO] src.training.trainer: Epoch 37/100 | TF=1.00 | LR=0.000745 | Train: 0.3090 (PET=0.0763 PCK=0.0061 AET=0.0358 CWD=0.0575 AET_ext=0.1820) | Val: 0.9823 | Weights: PET=0.70 PCK=1.00
2026-05-04 00:03:55,713 [INFO] src.training.trainer: Epoch 38/100 | TF=1.00 | LR=0.000731 | Train: 0.3069 (PET=0.0769 PCK=0.0060 AET=0.0354 CWD=0.0574 AET_ext=0.1797) | Val: 1.0103 | Weights: PET=0.69 PCK=1.00
2026-05-04 00:17:35,555 [INFO] src.training.trainer: Epoch 39/100 | TF=1.00 | LR=0.000716 | Train: 0.3057 (PET=0.0774 PCK=0.0060 AET=0.0353 CWD=0.0571 AET_ext=0.1793) | Val: 0.8610 | Weights: PET=0.68 PCK=1.00
2026-05-04 00:17:35,569 [INFO] src.training.trainer: Saved checkpoint: /home/mmann1123/extra_space/bcm_emulator/checkpoints/best_model.pt
2026-05-04 00:31:15,673 [INFO] src.training.trainer: Epoch 40/100 | TF=1.00 | LR=0.000701 | Train: 0.3037 (PET=0.0776 PCK=0.0060 AET=0.0349 CWD=0.0568 AET_ext=0.1770) | Val: 1.0099 | Weights: PET=0.68 PCK=1.00
2026-05-04 00:31:15,686 [INFO] src.training.trainer: Saved checkpoint: /home/mmann1123/extra_space/bcm_emulator/checkpoints/checkpoint_epoch040.pt
2026-05-04 00:44:57,173 [INFO] src.training.trainer: Epoch 41/100 | TF=1.00 | LR=0.000686 | Train: 0.3041 (PET=0.0785 PCK=0.0060 AET=0.0349 CWD=0.0569 AET_ext=0.1769) | Val: 1.0625 | Weights: PET=0.67 PCK=1.00
2026-05-04 00:58:38,484 [INFO] src.training.trainer: Epoch 42/100 | TF=1.00 | LR=0.000670 | Train: 0.3017 (PET=0.0788 PCK=0.0059 AET=0.0347 CWD=0.0565 AET_ext=0.1760) | Val: 1.0269 | Weights: PET=0.66 PCK=1.00
2026-05-04 01:12:19,675 [INFO] src.training.trainer: Epoch 43/100 | TF=1.00 | LR=0.000655 | Train: 0.3007 (PET=0.0797 PCK=0.0059 AET=0.0345 CWD=0.0565 AET_ext=0.1743) | Val: 1.0278 | Weights: PET=0.66 PCK=1.00
2026-05-04 01:26:01,147 [INFO] src.training.trainer: Epoch 44/100 | TF=1.00 | LR=0.000639 | Train: 0.2991 (PET=0.0799 PCK=0.0058 AET=0.0343 CWD=0.0561 AET_ext=0.1735) | Val: 1.0130 | Weights: PET=0.65 PCK=1.00
2026-05-04 01:39:42,588 [INFO] src.training.trainer: Epoch 45/100 | TF=1.00 | LR=0.000623 | Train: 0.2973 (PET=0.0805 PCK=0.0057 AET=0.0341 CWD=0.0559 AET_ext=0.1720) | Val: 1.2656 | Weights: PET=0.64 PCK=1.00
2026-05-04 01:53:25,163 [INFO] src.training.trainer: Epoch 46/100 | TF=1.00 | LR=0.000607 | Train: 0.2968 (PET=0.0809 PCK=0.0059 AET=0.0339 CWD=0.0556 AET_ext=0.1712) | Val: 0.9281 | Weights: PET=0.64 PCK=1.00
2026-05-04 02:07:07,631 [INFO] src.training.trainer: Epoch 47/100 | TF=1.00 | LR=0.000590 | Train: 0.2950 (PET=0.0816 PCK=0.0057 AET=0.0336 CWD=0.0556 AET_ext=0.1695) | Val: 0.9530 | Weights: PET=0.63 PCK=1.00
2026-05-04 02:20:49,768 [INFO] src.training.trainer: Epoch 48/100 | TF=1.00 | LR=0.000574 | Train: 0.2939 (PET=0.0822 PCK=0.0059 AET=0.0335 CWD=0.0555 AET_ext=0.1687) | Val: 0.9816 | Weights: PET=0.62 PCK=1.00
2026-05-04 02:34:31,916 [INFO] src.training.trainer: Epoch 49/100 | TF=1.00 | LR=0.000558 | Train: 0.2928 (PET=0.0828 PCK=0.0056 AET=0.0334 CWD=0.0553 AET_ext=0.1680) | Val: 1.1383 | Weights: PET=0.62 PCK=1.00
2026-05-04 02:48:14,332 [INFO] src.training.trainer: Epoch 50/100 | TF=1.00 | LR=0.000541 | Train: 0.2911 (PET=0.0830 PCK=0.0057 AET=0.0331 CWD=0.0550 AET_ext=0.1662) | Val: 0.9534 | Weights: PET=0.61 PCK=1.00
2026-05-04 02:48:14,345 [INFO] src.training.trainer: Saved checkpoint: /home/mmann1123/extra_space/bcm_emulator/checkpoints/checkpoint_epoch050.pt
2026-05-04 03:01:56,722 [INFO] src.training.trainer: Epoch 51/100 | TF=1.00 | LR=0.000525 | Train: 0.2898 (PET=0.0838 PCK=0.0057 AET=0.0329 CWD=0.0549 AET_ext=0.1645) | Val: 0.9850 | Weights: PET=0.61 PCK=1.00
2026-05-04 03:19:10,300 [INFO] src.training.trainer: Epoch 52/100 | TF=0.98 | LR=0.000508 | Train: 0.2907 (PET=0.0846 PCK=0.0058 AET=0.0329 CWD=0.0549 AET_ext=0.1655) | Val: 0.9147 | Weights: PET=0.60 PCK=1.00
2026-05-04 03:36:16,222 [INFO] src.training.trainer: Epoch 53/100 | TF=0.96 | LR=0.000492 | Train: 0.2917 (PET=0.0857 PCK=0.0058 AET=0.0330 CWD=0.0549 AET_ext=0.1659) | Val: 0.9131 | Weights: PET=0.59 PCK=1.00
2026-05-04 03:53:22,152 [INFO] src.training.trainer: Epoch 54/100 | TF=0.94 | LR=0.000475 | Train: 0.2924 (PET=0.0866 PCK=0.0060 AET=0.0330 CWD=0.0548 AET_ext=0.1658) | Val: 0.8743 | Weights: PET=0.59 PCK=1.00
2026-05-04 04:10:29,774 [INFO] src.training.trainer: Epoch 55/100 | TF=0.92 | LR=0.000459 | Train: 0.2934 (PET=0.0875 PCK=0.0061 AET=0.0331 CWD=0.0549 AET_ext=0.1662) | Val: 0.9058 | Weights: PET=0.58 PCK=1.00
2026-05-04 04:27:36,087 [INFO] src.training.trainer: Epoch 56/100 | TF=0.90 | LR=0.000442 | Train: 0.2937 (PET=0.0881 PCK=0.0062 AET=0.0331 CWD=0.0547 AET_ext=0.1668) | Val: 0.9040 | Weights: PET=0.58 PCK=1.00
2026-05-04 04:44:44,088 [INFO] src.training.trainer: Epoch 57/100 | TF=0.88 | LR=0.000426 | Train: 0.2934 (PET=0.0890 PCK=0.0063 AET=0.0331 CWD=0.0546 AET_ext=0.1662) | Val: 0.9462 | Weights: PET=0.57 PCK=1.00
2026-05-04 05:01:51,506 [INFO] src.training.trainer: Epoch 58/100 | TF=0.86 | LR=0.000410 | Train: 0.2952 (PET=0.0898 PCK=0.0066 AET=0.0332 CWD=0.0547 AET_ext=0.1667) | Val: 0.9341 | Weights: PET=0.56 PCK=1.00
2026-05-04 05:18:58,702 [INFO] src.training.trainer: Epoch 59/100 | TF=0.84 | LR=0.000393 | Train: 0.2944 (PET=0.0902 PCK=0.0066 AET=0.0332 CWD=0.0544 AET_ext=0.1663) | Val: 0.8968 | Weights: PET=0.56 PCK=1.00
2026-05-04 05:36:05,178 [INFO] src.training.trainer: Epoch 60/100 | TF=0.82 | LR=0.000377 | Train: 0.2958 (PET=0.0910 PCK=0.0068 AET=0.0333 CWD=0.0543 AET_ext=0.1672) | Val: 0.9886 | Weights: PET=0.55 PCK=1.00
2026-05-04 05:36:05,191 [INFO] src.training.trainer: Saved checkpoint: /home/mmann1123/extra_space/bcm_emulator/checkpoints/checkpoint_epoch060.pt
2026-05-04 05:53:12,540 [INFO] src.training.trainer: Epoch 61/100 | TF=0.80 | LR=0.000361 | Train: 0.2964 (PET=0.0919 PCK=0.0070 AET=0.0335 CWD=0.0544 AET_ext=0.1677) | Val: 0.8891 | Weights: PET=0.55 PCK=1.00
2026-05-04 06:10:19,335 [INFO] src.training.trainer: Epoch 62/100 | TF=0.78 | LR=0.000345 | Train: 0.2980 (PET=0.0926 PCK=0.0072 AET=0.0336 CWD=0.0544 AET_ext=0.1683) | Val: 0.8980 | Weights: PET=0.54 PCK=1.00
2026-05-04 06:27:26,478 [INFO] src.training.trainer: Epoch 63/100 | TF=0.76 | LR=0.000330 | Train: 0.2981 (PET=0.0933 PCK=0.0073 AET=0.0336 CWD=0.0543 AET_ext=0.1674) | Val: 0.9714 | Weights: PET=0.54 PCK=1.00
2026-05-04 06:44:33,095 [INFO] src.training.trainer: Epoch 64/100 | TF=0.74 | LR=0.000314 | Train: 0.3006 (PET=0.0940 PCK=0.0076 AET=0.0341 CWD=0.0543 AET_ext=0.1699) | Val: 0.8785 | Weights: PET=0.53 PCK=1.00
2026-05-04 07:01:39,320 [INFO] src.training.trainer: Epoch 65/100 | TF=0.72 | LR=0.000299 | Train: 0.3014 (PET=0.0946 PCK=0.0078 AET=0.0341 CWD=0.0543 AET_ext=0.1701) | Val: 0.9121 | Weights: PET=0.53 PCK=1.00
2026-05-04 07:18:46,112 [INFO] src.training.trainer: Epoch 66/100 | TF=0.70 | LR=0.000284 | Train: 0.3015 (PET=0.0952 PCK=0.0081 AET=0.0341 CWD=0.0541 AET_ext=0.1699) | Val: 0.8607 | Weights: PET=0.52 PCK=1.00
2026-05-04 07:18:46,125 [INFO] src.training.trainer: Saved checkpoint: /home/mmann1123/extra_space/bcm_emulator/checkpoints/best_model.pt
2026-05-04 07:35:52,482 [INFO] src.training.trainer: Epoch 67/100 | TF=0.68 | LR=0.000269 | Train: 0.3044 (PET=0.0961 PCK=0.0083 AET=0.0345 CWD=0.0543 AET_ext=0.1717) | Val: 0.8739 | Weights: PET=0.52 PCK=1.00
2026-05-04 07:52:59,027 [INFO] src.training.trainer: Epoch 68/100 | TF=0.66 | LR=0.000255 | Train: 0.3035 (PET=0.0967 PCK=0.0081 AET=0.0345 CWD=0.0542 AET_ext=0.1713) | Val: 0.9109 | Weights: PET=0.51 PCK=1.00
2026-05-04 08:10:05,630 [INFO] src.training.trainer: Epoch 69/100 | TF=0.64 | LR=0.000241 | Train: 0.3049 (PET=0.0970 PCK=0.0087 AET=0.0347 CWD=0.0540 AET_ext=0.1726) | Val: 0.9614 | Weights: PET=0.50 PCK=1.00
2026-05-04 08:27:12,401 [INFO] src.training.trainer: Epoch 70/100 | TF=0.62 | LR=0.000227 | Train: 0.3076 (PET=0.0977 PCK=0.0088 AET=0.0351 CWD=0.0541 AET_ext=0.1745) | Val: 0.8610 | Weights: PET=0.50 PCK=1.00
2026-05-04 08:27:12,414 [INFO] src.training.trainer: Saved checkpoint: /home/mmann1123/extra_space/bcm_emulator/checkpoints/checkpoint_epoch070.pt
2026-05-04 08:44:19,055 [INFO] src.training.trainer: Epoch 71/100 | TF=0.60 | LR=0.000213 | Train: 0.3083 (PET=0.0979 PCK=0.0089 AET=0.0352 CWD=0.0541 AET_ext=0.1744) | Val: 0.9084 | Weights: PET=0.50 PCK=1.00
2026-05-04 09:01:25,543 [INFO] src.training.trainer: Epoch 72/100 | TF=0.58 | LR=0.000199 | Train: 0.3108 (PET=0.0978 PCK=0.0095 AET=0.0355 CWD=0.0542 AET_ext=0.1762) | Val: 0.9617 | Weights: PET=0.50 PCK=1.00
2026-05-04 09:18:32,241 [INFO] src.training.trainer: Epoch 73/100 | TF=0.56 | LR=0.000186 | Train: 0.3130 (PET=0.0981 PCK=0.0095 AET=0.0358 CWD=0.0542 AET_ext=0.1775) | Val: 0.8584 | Weights: PET=0.50 PCK=1.00
2026-05-04 09:18:32,254 [INFO] src.training.trainer: Saved checkpoint: /home/mmann1123/extra_space/bcm_emulator/checkpoints/best_model.pt
2026-05-04 09:35:38,815 [INFO] src.training.trainer: Epoch 74/100 | TF=0.54 | LR=0.000174 | Train: 0.3155 (PET=0.0980 PCK=0.0098 AET=0.0363 CWD=0.0543 AET_ext=0.1806) | Val: 0.8618 | Weights: PET=0.50 PCK=1.00
2026-05-04 09:52:45,279 [INFO] src.training.trainer: Epoch 75/100 | TF=0.52 | LR=0.000161 | Train: 0.3169 (PET=0.0982 PCK=0.0100 AET=0.0363 CWD=0.0543 AET_ext=0.1800) | Val: 0.8437 | Weights: PET=0.50 PCK=1.00
2026-05-04 09:52:45,293 [INFO] src.training.trainer: Saved checkpoint: /home/mmann1123/extra_space/bcm_emulator/checkpoints/best_model.pt
2026-05-04 10:09:53,738 [INFO] src.training.trainer: Epoch 76/100 | TF=0.50 | LR=0.000149 | Train: 0.3208 (PET=0.0984 PCK=0.0104 AET=0.0367 CWD=0.0544 AET_ext=0.1828) | Val: 0.8927 | Weights: PET=0.50 PCK=1.00
2026-05-04 10:27:03,327 [INFO] src.training.trainer: Epoch 77/100 | TF=0.48 | LR=0.000138 | Train: 0.3215 (PET=0.0981 PCK=0.0106 AET=0.0369 CWD=0.0544 AET_ext=0.1836) | Val: 0.8967 | Weights: PET=0.50 PCK=1.00
2026-05-04 10:44:14,329 [INFO] src.training.trainer: Epoch 78/100 | TF=0.46 | LR=0.000127 | Train: 0.3263 (PET=0.0982 PCK=0.0113 AET=0.0375 CWD=0.0545 AET_ext=0.1874) | Val: 0.9204 | Weights: PET=0.50 PCK=1.00
2026-05-04 11:01:25,091 [INFO] src.training.trainer: Epoch 79/100 | TF=0.44 | LR=0.000116 | Train: 0.3266 (PET=0.0981 PCK=0.0114 AET=0.0375 CWD=0.0545 AET_ext=0.1873) | Val: 0.8988 | Weights: PET=0.50 PCK=1.00
2026-05-04 11:18:35,398 [INFO] src.training.trainer: Epoch 80/100 | TF=0.42 | LR=0.000105 | Train: 0.3317 (PET=0.0983 PCK=0.0118 AET=0.0384 CWD=0.0547 AET_ext=0.1908) | Val: 0.9447 | Weights: PET=0.50 PCK=1.00
2026-05-04 11:18:35,412 [INFO] src.training.trainer: Saved checkpoint: /home/mmann1123/extra_space/bcm_emulator/checkpoints/checkpoint_epoch080.pt
2026-05-04 11:35:46,846 [INFO] src.training.trainer: Epoch 81/100 | TF=0.40 | LR=0.000095 | Train: 0.3339 (PET=0.0983 PCK=0.0121 AET=0.0385 CWD=0.0546 AET_ext=0.1916) | Val: 0.9013 | Weights: PET=0.50 PCK=1.00
2026-05-04 11:52:58,537 [INFO] src.training.trainer: Epoch 82/100 | TF=0.38 | LR=0.000086 | Train: 0.3376 (PET=0.0981 PCK=0.0128 AET=0.0391 CWD=0.0548 AET_ext=0.1949) | Val: 0.8262 | Weights: PET=0.50 PCK=1.00
2026-05-04 11:52:58,551 [INFO] src.training.trainer: Saved checkpoint: /home/mmann1123/extra_space/bcm_emulator/checkpoints/best_model.pt
2026-05-04 12:10:11,942 [INFO] src.training.trainer: Epoch 83/100 | TF=0.36 | LR=0.000077 | Train: 0.3419 (PET=0.0982 PCK=0.0132 AET=0.0395 CWD=0.0548 AET_ext=0.1965) | Val: 0.8916 | Weights: PET=0.50 PCK=1.00
2026-05-04 12:27:24,842 [INFO] src.training.trainer: Epoch 84/100 | TF=0.34 | LR=0.000068 | Train: 0.3432 (PET=0.0981 PCK=0.0133 AET=0.0397 CWD=0.0549 AET_ext=0.1979) | Val: 0.8891 | Weights: PET=0.50 PCK=1.00
2026-05-04 12:44:38,188 [INFO] src.training.trainer: Epoch 85/100 | TF=0.32 | LR=0.000060 | Train: 0.3504 (PET=0.0985 PCK=0.0141 AET=0.0406 CWD=0.0552 AET_ext=0.2027) | Val: 0.8866 | Weights: PET=0.50 PCK=1.00
2026-05-04 13:01:52,251 [INFO] src.training.trainer: Epoch 86/100 | TF=0.30 | LR=0.000053 | Train: 0.3549 (PET=0.0982 PCK=0.0147 AET=0.0411 CWD=0.0551 AET_ext=0.2057) | Val: 0.8840 | Weights: PET=0.50 PCK=1.00
2026-05-04 13:19:05,825 [INFO] src.training.trainer: Epoch 87/100 | TF=0.28 | LR=0.000045 | Train: 0.3602 (PET=0.0982 PCK=0.0149 AET=0.0420 CWD=0.0553 AET_ext=0.2098) | Val: 0.8525 | Weights: PET=0.50 PCK=1.00
2026-05-04 13:36:20,089 [INFO] src.training.trainer: Epoch 88/100 | TF=0.26 | LR=0.000039 | Train: 0.3656 (PET=0.0981 PCK=0.0157 AET=0.0426 CWD=0.0555 AET_ext=0.2123) | Val: 0.8687 | Weights: PET=0.50 PCK=1.00
2026-05-04 13:53:34,821 [INFO] src.training.trainer: Epoch 89/100 | TF=0.24 | LR=0.000033 | Train: 0.3720 (PET=0.0984 PCK=0.0161 AET=0.0433 CWD=0.0558 AET_ext=0.2164) | Val: 0.8545 | Weights: PET=0.50 PCK=1.00
2026-05-04 14:10:50,994 [INFO] src.training.trainer: Epoch 90/100 | TF=0.22 | LR=0.000027 | Train: 0.3821 (PET=0.0980 PCK=0.0176 AET=0.0445 CWD=0.0559 AET_ext=0.2236) | Val: 0.8794 | Weights: PET=0.50 PCK=1.00
2026-05-04 14:10:51,008 [INFO] src.training.trainer: Saved checkpoint: /home/mmann1123/extra_space/bcm_emulator/checkpoints/checkpoint_epoch090.pt
2026-05-04 14:28:05,340 [INFO] src.training.trainer: Epoch 91/100 | TF=0.20 | LR=0.000022 | Train: 0.3841 (PET=0.0981 PCK=0.0178 AET=0.0446 CWD=0.0559 AET_ext=0.2236) | Val: 0.8731 | Weights: PET=0.50 PCK=1.00
2026-05-04 14:45:19,664 [INFO] src.training.trainer: Epoch 92/100 | TF=0.18 | LR=0.000017 | Train: 0.3929 (PET=0.0980 PCK=0.0189 AET=0.0457 CWD=0.0561 AET_ext=0.2293) | Val: 0.8833 | Weights: PET=0.50 PCK=1.00
2026-05-04 15:02:34,269 [INFO] src.training.trainer: Epoch 93/100 | TF=0.16 | LR=0.000013 | Train: 0.4037 (PET=0.0979 PCK=0.0200 AET=0.0471 CWD=0.0562 AET_ext=0.2362) | Val: 0.8688 | Weights: PET=0.50 PCK=1.00
2026-05-04 15:19:48,433 [INFO] src.training.trainer: Epoch 94/100 | TF=0.14 | LR=0.000010 | Train: 0.4140 (PET=0.0977 PCK=0.0208 AET=0.0483 CWD=0.0566 AET_ext=0.2425) | Val: 0.8840 | Weights: PET=0.50 PCK=1.00
2026-05-04 15:37:04,233 [INFO] src.training.trainer: Epoch 95/100 | TF=0.12 | LR=0.000007 | Train: 0.4236 (PET=0.0975 PCK=0.0221 AET=0.0493 CWD=0.0566 AET_ext=0.2490) | Val: 0.8697 | Weights: PET=0.50 PCK=1.00
2026-05-04 15:54:20,474 [INFO] src.training.trainer: Epoch 96/100 | TF=0.10 | LR=0.000004 | Train: 0.4359 (PET=0.0977 PCK=0.0229 AET=0.0507 CWD=0.0571 AET_ext=0.2548) | Val: 0.8718 | Weights: PET=0.50 PCK=1.00
2026-05-04 16:11:37,999 [INFO] src.training.trainer: Epoch 97/100 | TF=0.08 | LR=0.000002 | Train: 0.4494 (PET=0.0975 PCK=0.0259 AET=0.0520 CWD=0.0574 AET_ext=0.2619) | Val: 0.8725 | Weights: PET=0.50 PCK=1.00
2026-05-04 16:28:54,733 [INFO] src.training.trainer: Epoch 98/100 | TF=0.06 | LR=0.000001 | Train: 0.4673 (PET=0.0975 PCK=0.0264 AET=0.0541 CWD=0.0580 AET_ext=0.2734) | Val: 0.8692 | Weights: PET=0.50 PCK=1.00
2026-05-04 16:46:12,231 [INFO] src.training.trainer: Epoch 99/100 | TF=0.04 | LR=0.000000 | Train: 0.4858 (PET=0.0972 PCK=0.0296 AET=0.0560 CWD=0.0583 AET_ext=0.2834) | Val: 0.8770 | Weights: PET=0.50 PCK=1.00
2026-05-04 17:03:30,506 [INFO] src.training.trainer: Epoch 100/100 | TF=0.02 | LR=0.000000 | Train: 0.5050 (PET=0.0971 PCK=0.0320 AET=0.0580 CWD=0.0589 AET_ext=0.2940) | Val: 0.8750 | Weights: PET=0.50 PCK=1.00
2026-05-04 17:03:30,520 [INFO] src.training.trainer: Saved checkpoint: /home/mmann1123/extra_space/bcm_emulator/checkpoints/checkpoint_epoch100.pt
2026-05-04 17:03:30,520 [INFO] __main__: Training complete.
2026-05-04 17:03:30,520 [INFO] __main__: Training history saved: /home/mmann1123/extra_space/bcm_emulator/outputs/training_history.json
2026-05-04 17:03:30,521 [INFO] __main__: Creating snapshot 'v24c-annualpool-lambda10.0-v17-polaris-awc'...
2026-05-04 17:03:30,521 [INFO] src.utils.snapshot: Creating snapshot: /home/mmann1123/extra_space/bcm_emulator/snapshots/v24c-annualpool-lambda10.0-v17-polaris-awc
2026-05-04 17:03:30,524 [INFO] src.utils.snapshot:   Copied checkpoint (14.0 MB)
2026-05-04 17:03:30,530 [INFO] src.utils.snapshot:   Copied 21 spatial map files
2026-05-04 17:03:30,541 [INFO] src.utils.snapshot:   Wrote manifest.json
2026-05-04 17:03:30,543 [INFO] src.utils.snapshot: Created git tag: v24c-annualpool-lambda10.0-v17-polaris-awc
2026-05-04 17:03:30,543 [INFO] src.utils.snapshot: Snapshot 'v24c-annualpool-lambda10.0-v17-polaris-awc' complete at /home/mmann1123/extra_space/bcm_emulator/snapshots/v24c-annualpool-lambda10.0-v17-polaris-awc
